Archive member included because of file (symbol)

G:/CG2271/freeRTOS/Release/libfreeRTOS.a(port.o)
                              ./test.o (vPortYield)
G:/CG2271/freeRTOS/Release/libfreeRTOS.a(queue.o)
                              ./test.o (xQueueGiveFromISR)
G:/CG2271/freeRTOS/Release/libfreeRTOS.a(tasks.o)
                              G:/CG2271/freeRTOS/Release/libfreeRTOS.a(port.o) (pxCurrentTCB)
G:/CG2271/freeRTOS/Release/libfreeRTOS.a(heap_2.o)
                              G:/CG2271/freeRTOS/Release/libfreeRTOS.a(queue.o) (vPortFree)
G:/CG2271/freeRTOS/Release/libfreeRTOS.a(list.o)
                              G:/CG2271/freeRTOS/Release/libfreeRTOS.a(queue.o) (vListInitialise)
c:/winavr-20100110/bin/../lib/gcc/avr/4.3.3/avr5\libgcc.a(_mulsi3.o)
                              ./arduino/Stream.o (__mulsi3)
c:/winavr-20100110/bin/../lib/gcc/avr/4.3.3/avr5\libgcc.a(_divmodhi4.o)
                              ./test.o (__divmodhi4)
c:/winavr-20100110/bin/../lib/gcc/avr/4.3.3/avr5\libgcc.a(_udivmodsi4.o)
                              ./arduino/HardwareSerial.o (__udivmodsi4)
c:/winavr-20100110/bin/../lib/gcc/avr/4.3.3/avr5\libgcc.a(_divmodsi4.o)
                              ./arduino/WMath.o (__divmodsi4)
c:/winavr-20100110/bin/../lib/gcc/avr/4.3.3/avr5\libgcc.a(_exit.o)
                              c:/winavr-20100110/bin/../lib/gcc/avr/4.3.3/../../../../avr/lib/avr5/crtm328p.o (exit)
c:/winavr-20100110/bin/../lib/gcc/avr/4.3.3/avr5\libgcc.a(_copy_data.o)
                              ./arduino/HardwareSerial.o (__do_copy_data)
c:/winavr-20100110/bin/../lib/gcc/avr/4.3.3/avr5\libgcc.a(_clear_bss.o)
                              ./arduino/HardwareSerial0.o (__do_clear_bss)
c:/winavr-20100110/bin/../lib/gcc/avr/4.3.3/avr5\libgcc.a(_ctors.o)
                              ./arduino/HardwareSerial0.o (__do_global_ctors)
c:/winavr-20100110/bin/../lib/gcc/avr/4.3.3/avr5\libgcc.a(_fixunssfsi.o)
                              ./arduino/Print.o (__fixunssfsi)
c:/winavr-20100110/bin/../lib/gcc/avr/4.3.3/avr5\libgcc.a(_addsub_sf.o)
                              ./arduino/Print.o (__subsf3)
c:/winavr-20100110/bin/../lib/gcc/avr/4.3.3/avr5\libgcc.a(_mul_sf.o)
                              ./arduino/Print.o (__mulsf3)
c:/winavr-20100110/bin/../lib/gcc/avr/4.3.3/avr5\libgcc.a(_div_sf.o)
                              ./arduino/Print.o (__divsf3)
c:/winavr-20100110/bin/../lib/gcc/avr/4.3.3/avr5\libgcc.a(_gt_sf.o)
                              ./arduino/Print.o (__gtsf2)
c:/winavr-20100110/bin/../lib/gcc/avr/4.3.3/avr5\libgcc.a(_ge_sf.o)
                              c:/winavr-20100110/bin/../lib/gcc/avr/4.3.3/avr5\libgcc.a(_fixunssfsi.o) (__gesf2)
c:/winavr-20100110/bin/../lib/gcc/avr/4.3.3/avr5\libgcc.a(_lt_sf.o)
                              ./arduino/Print.o (__ltsf2)
c:/winavr-20100110/bin/../lib/gcc/avr/4.3.3/avr5\libgcc.a(_le_sf.o)
                              ./arduino/Print.o (__lesf2)
c:/winavr-20100110/bin/../lib/gcc/avr/4.3.3/avr5\libgcc.a(_unord_sf.o)
                              ./arduino/Print.o (__unordsf2)
c:/winavr-20100110/bin/../lib/gcc/avr/4.3.3/avr5\libgcc.a(_si_to_sf.o)
                              ./arduino/Stream.o (__floatsisf)
c:/winavr-20100110/bin/../lib/gcc/avr/4.3.3/avr5\libgcc.a(_sf_to_si.o)
                              c:/winavr-20100110/bin/../lib/gcc/avr/4.3.3/avr5\libgcc.a(_fixunssfsi.o) (__fixsfsi)
c:/winavr-20100110/bin/../lib/gcc/avr/4.3.3/avr5\libgcc.a(_thenan_sf.o)
                              c:/winavr-20100110/bin/../lib/gcc/avr/4.3.3/avr5\libgcc.a(_addsub_sf.o) (__thenan_sf)
c:/winavr-20100110/bin/../lib/gcc/avr/4.3.3/avr5\libgcc.a(_usi_to_sf.o)
                              ./arduino/Print.o (__floatunsisf)
c:/winavr-20100110/bin/../lib/gcc/avr/4.3.3/avr5\libgcc.a(_udivmodhi4.o)
                              c:/winavr-20100110/bin/../lib/gcc/avr/4.3.3/avr5\libgcc.a(_divmodhi4.o) (__udivmodhi4)
c:/winavr-20100110/bin/../lib/gcc/avr/4.3.3/avr5\libgcc.a(_prologue.o)
                              c:/winavr-20100110/bin/../lib/gcc/avr/4.3.3/avr5\libgcc.a(_addsub_sf.o) (__prologue_saves__)
c:/winavr-20100110/bin/../lib/gcc/avr/4.3.3/avr5\libgcc.a(_epilogue.o)
                              c:/winavr-20100110/bin/../lib/gcc/avr/4.3.3/avr5\libgcc.a(_addsub_sf.o) (__epilogue_restores__)
c:/winavr-20100110/bin/../lib/gcc/avr/4.3.3/avr5\libgcc.a(_tablejump.o)
                              c:/winavr-20100110/bin/../lib/gcc/avr/4.3.3/avr5\libgcc.a(_ctors.o) (__tablejump__)
c:/winavr-20100110/bin/../lib/gcc/avr/4.3.3/avr5\libgcc.a(_clzsi2.o)
                              c:/winavr-20100110/bin/../lib/gcc/avr/4.3.3/avr5\libgcc.a(_si_to_sf.o) (__clzsi2)
c:/winavr-20100110/bin/../lib/gcc/avr/4.3.3/avr5\libgcc.a(_pack_sf.o)
                              c:/winavr-20100110/bin/../lib/gcc/avr/4.3.3/avr5\libgcc.a(_addsub_sf.o) (__pack_f)
c:/winavr-20100110/bin/../lib/gcc/avr/4.3.3/avr5\libgcc.a(_unpack_sf.o)
[...]
Memory Configuration

Name             Origin             Length             Attributes
text             0x00000000         0x00020000         xr
data             0x00800060         0x0000ffa0         rw !x
eeprom           0x00810000         0x00010000         rw !x
fuse             0x00820000         0x00000400         rw !x
lock             0x00830000         0x00000400         rw !x
signature        0x00840000         0x00000400         rw !x
*default*        0x00000000         0xffffffff

Linker script and memory map

Address of section .data set to 0x800100
LOAD c:/winavr-20100110/bin/../lib/gcc/avr/4.3.3/../../../../avr/lib/avr5/crtm328p.o
LOAD ./arduino/CDC.o
LOAD ./arduino/HardwareSerial.o
LOAD ./arduino/HardwareSerial0.o
LOAD ./arduino/HardwareSerial1.o
LOAD ./arduino/HardwareSerial2.o
LOAD ./arduino/HardwareSerial3.o
LOAD ./arduino/IPAddress.o
LOAD ./arduino/PluggableUSB.o
LOAD ./arduino/Print.o
LOAD ./arduino/Stream.o
LOAD ./arduino/Tone.o
LOAD ./arduino/USBCore.o
LOAD ./arduino/WInterrupts.o
LOAD ./arduino/WMath.o
LOAD ./arduino/WString.o
LOAD ./arduino/abi.o
LOAD ./arduino/hooks.o
LOAD ./arduino/main.o
LOAD ./arduino/new.o
LOAD ./arduino/wiring.o
LOAD ./arduino/wiring_analog.o
LOAD ./arduino/wiring_digital.o
LOAD ./arduino/wiring_pulse.o
LOAD ./arduino/wiring_shift.o
LOAD ./test.o
LOAD G:/CG2271/freeRTOS/Release/libfreeRTOS.a
LOAD c:/winavr-20100110/bin/../lib/gcc/avr/4.3.3/avr5\libgcc.a
LOAD c:/winavr-20100110/bin/../lib/gcc/avr/4.3.3/../../../../avr/lib/avr5\libm.a
LOAD c:/winavr-20100110/bin/../lib/gcc/avr/4.3.3/avr5\libgcc.a
LOAD c:/winavr-20100110/bin/../lib/gcc/avr/4.3.3/../../../../avr/lib/avr5\libc.a
LOAD c:/winavr-20100110/bin/../lib/gcc/avr/4.3.3/avr5\libgcc.a

.hash
 *(.hash)

.dynsym
 *(.dynsym)

.dynstr
 *(.dynstr)

.gnu.version
 *(.gnu.version)

.gnu.version_d
 *(.gnu.version_d)

.gnu.version_r
 *(.gnu.version_r)

.rel.init
 *(.rel.init)

.rela.init
 *(.rela.init)

.rel.text
 *(.rel.text)
 *(.rel.text.*)
 *(.rel.gnu.linkonce.t*)

.rela.text
 *(.rela.text)
 *(.rela.text.*)
 *(.rela.gnu.linkonce.t*)

.rel.fini
 *(.rel.fini)

.rela.fini
 *(.rela.fini)

.rel.rodata
 *(.rel.rodata)
 *(.rel.rodata.*)
 *(.rel.gnu.linkonce.r*)

.rela.rodata
 *(.rela.rodata)
 *(.rela.rodata.*)
 *(.rela.gnu.linkonce.r*)

.rel.data
 *(.rel.data)
 *(.rel.data.*)
 *(.rel.gnu.linkonce.d*)

.rela.data
 *(.rela.data)
 *(.rela.data.*)
 *(.rela.gnu.linkonce.d*)

.rel.ctors
 *(.rel.ctors)

.rela.ctors
 *(.rela.ctors)

.rel.dtors
 *(.rel.dtors)

.rela.dtors
 *(.rela.dtors)

.rel.got
 *(.rel.got)

.rela.got
 *(.rela.got)

.rel.bss
 *(.rel.bss)

.rela.bss
 *(.rela.bss)

.rel.plt
 *(.rel.plt)

.rela.plt
 *(.rela.plt)

.text           0x00000000     0x28b0
 *(.vectors)
 .vectors       0x00000000       0x68 c:/winavr-20100110/bin/../lib/gcc/avr/4.3.3/../../../../avr/lib/avr5/crtm328p.o
                0x00000000                __vectors
                0x00000000                __vector_default
 *(.vectors)
 *(.progmem.gcc*)
 *(.progmem*)
 .progmem.data  0x00000068        0x1 ./arduino/Tone.o
 .progmem.data  0x00000069       0x5a ./arduino/wiring_digital.o
                0x00000069                port_to_mode_PGM
                0x00000087                digital_pin_to_port_PGM
                0x0000009b                digital_pin_to_bit_mask_PGM
                0x00000073                port_to_output_PGM
                0x0000007d                port_to_input_PGM
                0x000000af                digital_pin_to_timer_PGM
                0x000000c4                . = ALIGN (0x2)
 *fill*         0x000000c3        0x1 00
                0x000000c4                __trampolines_start = .
 *(.trampolines)
 .trampolines   0x000000c4        0x0 linker stubs
 *(.trampolines*)
                0x000000c4                __trampolines_end = .
 *(.jumptables)
 *(.jumptables*)
 *(.lowtext)
 *(.lowtext*)
                0x000000c4                __ctors_start = .
 *(.ctors)
 .ctors         0x000000c4        0x2 ./arduino/HardwareSerial0.o
 .ctors         0x000000c6        0x2 ./arduino/IPAddress.o
                0x000000c8                __ctors_end = .
                0x000000c8                __dtors_start = .
 *(.dtors)
                0x000000c8                __dtors_end = .
 SORT(*)(.ctors)
 SORT(*)(.dtors)
 *(.init0)
 .init0         0x000000c8        0x0 c:/winavr-20100110/bin/../lib/gcc/avr/4.3.3/../../../../avr/lib/avr5/crtm328p.o
                0x000000c8                __init
 *(.init0)
 *(.init1)
 *(.init1)
 *(.init2)
 .init2         0x000000c8        0xc c:/winavr-20100110/bin/../lib/gcc/avr/4.3.3/../../../../avr/lib/avr5/crtm328p.o
 *(.init2)
 *(.init3)
 *(.init3)
 *(.init4)
 .init4         0x000000d4       0x16 c:/winavr-20100110/bin/../lib/gcc/avr/4.3.3/avr5\libgcc.a(_copy_data.o)
                0x000000d4                __do_copy_data
 .init4         0x000000ea       0x10 c:/winavr-20100110/bin/../lib/gcc/avr/4.3.3/avr5\libgcc.a(_clear_bss.o)
                0x000000ea                __do_clear_bss
 *(.init4)
 *(.init5)
 *(.init5)
 *(.init6)
 .init6         0x000000fa       0x16 c:/winavr-20100110/bin/../lib/gcc/avr/4.3.3/avr5\libgcc.a(_ctors.o)
                0x000000fa                __do_global_ctors
 *(.init6)
 *(.init7)
 *(.init7)
 *(.init8)
 *(.init8)
 *(.init9)
 .init9         0x00000110        0x8 c:/winavr-20100110/bin/../lib/gcc/avr/4.3.3/../../../../avr/lib/avr5/crtm328p.o
 *(.init9)
 *(.text)
 .text          0x00000118        0x4 c:/winavr-20100110/bin/../lib/gcc/avr/4.3.3/../../../../avr/lib/avr5/crtm328p.o
                0x00000118                __vector_22
                0x00000118                __vector_24
                0x00000118                __vector_12
                0x00000118                __bad_interrupt
                0x00000118                __vector_6
                0x00000118                __vector_3
                0x00000118                __vector_23
                0x00000118                __vector_25
                0x00000118                __vector_13
                0x00000118                __vector_17
                0x00000118                __vector_5
                0x00000118                __vector_4
                0x00000118                __vector_9
                0x00000118                __vector_21
                0x00000118                __vector_15
                0x00000118                __vector_8
                0x00000118                __vector_14
                0x00000118                __vector_10
                0x00000118                __vector_20
                0x0000011c                . = ALIGN (0x2)
 *(.text.*)
 .text._ZN14HardwareSerial17_tx_udr_empty_irqEv
                0x0000011c       0x60 ./arduino/HardwareSerial.o
                0x0000011c                HardwareSerial::_tx_udr_empty_irq()
 .text._ZN14HardwareSerial5beginEmh
                0x0000017c       0xc8 ./arduino/HardwareSerial.o
                0x0000017c                HardwareSerial::begin(unsigned long, unsigned char)
 .text._ZN14HardwareSerial9availableEv
                0x00000244       0x18 ./arduino/HardwareSerial.o
                0x00000244                HardwareSerial::available()
 .text._ZN14HardwareSerial4peekEv
                0x0000025c       0x20 ./arduino/HardwareSerial.o
                0x0000025c                HardwareSerial::peek()
 .text._ZN14HardwareSerial4readEv
                0x0000027c       0x3c ./arduino/HardwareSerial.o
                0x0000027c                HardwareSerial::read()
 .text._ZN14HardwareSerial5flushEv
                0x000002b8       0x46 ./arduino/HardwareSerial.o
                0x000002b8                HardwareSerial::flush()
 .text._ZN14HardwareSerial5writeEh
                0x000002fe       0x7e ./arduino/HardwareSerial.o
                0x000002fe                HardwareSerial::write(unsigned char)
 .text._Z14serialEventRunv
                0x0000037c       0x1e ./arduino/HardwareSerial.o
                0x0000037c                serialEventRun()
 .text.__vector_18
                0x0000039a       0x6c ./arduino/HardwareSerial0.o
                0x0000039a                __vector_18
 .text._GLOBAL__I___vector_18
                0x00000406       0x86 ./arduino/HardwareSerial0.o
 .text._Z17Serial0_availablev
                0x0000048c       0x14 ./arduino/HardwareSerial0.o
                0x0000048c                Serial0_available()
 .text.__vector_19
                0x000004a0       0x4c ./arduino/HardwareSerial0.o
                0x000004a0                __vector_19
 .text._GLOBAL__I__ZN9IPAddressC2Ev
                0x000004ec       0x1e ./arduino/IPAddress.o
 .text._ZNK9IPAddress7printToER5Print
                0x0000050a       0x84 ./arduino/IPAddress.o
                0x0000050a                IPAddress::printTo(Print&) const
 .text._ZN5Print5writeEPKhj
                0x0000058e       0x54 ./arduino/Print.o
                0x0000058e                Print::write(unsigned char const*, unsigned int)
 .text._ZN5Print5printEc
                0x000005e2       0x10 ./arduino/Print.o
                0x000005e2                Print::print(char)
 .text._ZN5Print5writeEPKc
                0x000005f2       0x38 ./arduino/Print.o
                0x000005f2                Print::write(char const*)
 .text._ZN5Print11printNumberEmh
                0x0000062a       0xe8 ./arduino/Print.o
                0x0000062a                Print::printNumber(unsigned long, unsigned char)
 .text._ZN5Print5printEmi
                0x00000712       0x1e ./arduino/Print.o
                0x00000712                Print::print(unsigned long, int)
 .text._ZN5Print5printEhi
                0x00000730       0x24 ./arduino/Print.o
                0x00000730                Print::print(unsigned char, int)
 .text._ZN5Print7printlnEv
                0x00000754        0xa ./arduino/Print.o
                0x00000754                Print::println()
 .text._ZN5Print7printlnEPKc
                0x0000075e       0x26 ./arduino/Print.o
                0x0000075e                Print::println(char const*)
 .text._Z12disableTimerh
                0x00000784       0x42 ./arduino/Tone.o
                0x00000784                disableTimer(unsigned char)
 .text._Z6noToneh
                0x000007c6       0x2e ./arduino/Tone.o
                0x000007c6                noTone(unsigned char)
 .text.__vector_7
                0x000007f4       0xb8 ./arduino/Tone.o
                0x000007f4                __vector_7
 .text.nothing  0x000008ac        0x2 ./arduino/WInterrupts.o
 .text.attachInterrupt
                0x000008ae       0x46 ./arduino/WInterrupts.o
                0x000008ae                attachInterrupt
 .text.__vector_1
                0x000008f4       0x4e ./arduino/WInterrupts.o
                0x000008f4                __vector_1
 .text.__vector_2
                0x00000942       0x4e ./arduino/WInterrupts.o
                0x00000942                __vector_2
 .text.initVariant
                0x00000990        0x2 ./arduino/main.o
                0x00000990                initVariant
 .text.main     0x00000992       0x22 ./arduino/main.o
                0x00000992                main
 .text.__vector_16
                0x000009b4       0x90 ./arduino/wiring.o
                0x000009b4                __vector_16
 .text.millis   0x00000a44       0x1c ./arduino/wiring.o
                0x00000a44                millis
 .text.init     0x00000a60       0x76 ./arduino/wiring.o
                0x00000a60                init
 .text.analogRead
                0x00000ad6       0x44 ./arduino/wiring_analog.o
                0x00000ad6                analogRead
 .text.pinMode  0x00000b1a       0x7e ./arduino/wiring_digital.o
                0x00000b1a                pinMode
 .text.turnOffPWM
                0x00000b98       0x5a ./arduino/wiring_digital.o
 .text.digitalWrite
                0x00000bf2       0x66 ./arduino/wiring_digital.o
                0x00000bf2                digitalWrite
 .text.loop     0x00000c58       0x70 ./test.o
                0x00000c58                loop
 .text.setup    0x00000cc8       0xa0 ./test.o
                0x00000cc8                setup
 .text._Z5brakev
                0x00000d68       0x90 ./test.o
                0x00000d68                brake()
 .text._Z11acceleratorv
                0x00000df8       0x90 ./test.o
                0x00000df8                accelerator()
 .text._Z13potentiometerPv
                0x00000e88       0x88 ./test.o
                0x00000e88                potentiometer(void*)
 .text._Z6setLedi
                0x00000f10       0x66 ./test.o
                0x00000f10                setLed(int)
 .text._Z16speed_controllerPv
                0x00000f76      0x128 ./test.o
                0x00000f76                speed_controller(void*)
 .text._Z6buzzerPv
                0x0000109e      0x120 ./test.o
                0x0000109e                buzzer(void*)
 .text.pxPortInitialiseStack
                0x000011be       0x90 G:/CG2271/freeRTOS/Release/libfreeRTOS.a(port.o)
                0x000011be                pxPortInitialiseStack
 .text.xPortStartScheduler
                0x0000124e       0x76 G:/CG2271/freeRTOS/Release/libfreeRTOS.a(port.o)
                0x0000124e                xPortStartScheduler
 .text.vPortYieldFromTick
                0x000012c4       0xba G:/CG2271/freeRTOS/Release/libfreeRTOS.a(port.o)
                0x000012c4                vPortYieldFromTick
 .text.__vector_11
                0x0000137e        0x6 G:/CG2271/freeRTOS/Release/libfreeRTOS.a(port.o)
                0x0000137e                __vector_11
 .text.vPortYield
                0x00001384       0xb2 G:/CG2271/freeRTOS/Release/libfreeRTOS.a(port.o)
                0x00001384                vPortYield
 .text.prvCopyDataFromQueue
                0x00001436       0x3c G:/CG2271/freeRTOS/Release/libfreeRTOS.a(queue.o)
 .text.xQueueGiveFromISR
                0x00001472       0x4a G:/CG2271/freeRTOS/Release/libfreeRTOS.a(queue.o)
                0x00001472                xQueueGiveFromISR
 .text.prvUnlockQueue
                0x000014bc       0x80 G:/CG2271/freeRTOS/Release/libfreeRTOS.a(queue.o)
 .text.xQueueGenericReceive
                0x0000153c      0x1b0 G:/CG2271/freeRTOS/Release/libfreeRTOS.a(queue.o)
                0x0000153c                xQueueGenericReceive
 .text.prvCopyDataToQueue
                0x000016ec       0xb4 G:/CG2271/freeRTOS/Release/libfreeRTOS.a(queue.o)
 .text.xQueueGenericSend
                0x000017a0      0x16e G:/CG2271/freeRTOS/Release/libfreeRTOS.a(queue.o)
                0x000017a0                xQueueGenericSend
 .text.xQueueGenericReset
                0x0000190e       0x84 G:/CG2271/freeRTOS/Release/libfreeRTOS.a(queue.o)
                0x0000190e                xQueueGenericReset
 .text.xQueueGenericCreate
                0x00001992       0x5a G:/CG2271/freeRTOS/Release/libfreeRTOS.a(queue.o)
                0x00001992                xQueueGenericCreate
 .text.vTaskSuspendAll
                0x000019ec        0xc G:/CG2271/freeRTOS/Release/libfreeRTOS.a(tasks.o)
                0x000019ec                vTaskSuspendAll
 .text.xTaskGetTickCount
                0x000019f8       0x20 G:/CG2271/freeRTOS/Release/libfreeRTOS.a(tasks.o)
                0x000019f8                xTaskGetTickCount
 .text.vTaskSwitchContext
                0x00001a18       0x94 G:/CG2271/freeRTOS/Release/libfreeRTOS.a(tasks.o)
                0x00001a18                vTaskSwitchContext
 .text.vTaskSetTimeOutState
                0x00001aac       0x22 G:/CG2271/freeRTOS/Release/libfreeRTOS.a(tasks.o)
                0x00001aac                vTaskSetTimeOutState
 .text.xTaskCheckForTimeOut
                0x00001ace       0xd8 G:/CG2271/freeRTOS/Release/libfreeRTOS.a(tasks.o)
                0x00001ace                xTaskCheckForTimeOut
 .text.vTaskMissedYield
                0x00001ba6        0x8 G:/CG2271/freeRTOS/Release/libfreeRTOS.a(tasks.o)
                0x00001ba6                vTaskMissedYield
 .text.pvTaskIncrementMutexHeldCount
                0x00001bae       0x26 G:/CG2271/freeRTOS/Release/libfreeRTOS.a(tasks.o)
                0x00001bae                pvTaskIncrementMutexHeldCount
 .text.xTaskPriorityDisinherit
                0x00001bd4       0x76 G:/CG2271/freeRTOS/Release/libfreeRTOS.a(tasks.o)
                0x00001bd4                xTaskPriorityDisinherit
 .text.vTaskPriorityInherit
                0x00001c4a       0xb6 G:/CG2271/freeRTOS/Release/libfreeRTOS.a(tasks.o)
                0x00001c4a                vTaskPriorityInherit
 .text.xTaskRemoveFromEventList
                0x00001d00       0x80 G:/CG2271/freeRTOS/Release/libfreeRTOS.a(tasks.o)
                0x00001d00                xTaskRemoveFromEventList
 .text.xTaskIncrementTick
                0x00001d80      0x1f2 G:/CG2271/freeRTOS/Release/libfreeRTOS.a(tasks.o)
                0x00001d80                xTaskIncrementTick
 .text.xTaskResumeAll
                0x00001f72       0xe4 G:/CG2271/freeRTOS/Release/libfreeRTOS.a(tasks.o)
                0x00001f72                xTaskResumeAll
 .text.prvAddCurrentTaskToDelayedList
                0x00002056       0x9c G:/CG2271/freeRTOS/Release/libfreeRTOS.a(tasks.o)
 .text.vTaskDelayUntil
                0x000020f2       0xa0 G:/CG2271/freeRTOS/Release/libfreeRTOS.a(tasks.o)
                0x000020f2                vTaskDelayUntil
 .text.vTaskPlaceOnEventList
                0x00002192       0x78 G:/CG2271/freeRTOS/Release/libfreeRTOS.a(tasks.o)
                0x00002192                vTaskPlaceOnEventList
 .text.prvIdleTask
                0x0000220a       0x74 G:/CG2271/freeRTOS/Release/libfreeRTOS.a(tasks.o)
 .text.xTaskGenericCreate
                0x0000227e      0x21a G:/CG2271/freeRTOS/Release/libfreeRTOS.a(tasks.o)
                0x0000227e                xTaskGenericCreate
 .text.vTaskStartScheduler
                0x00002498       0x78 G:/CG2271/freeRTOS/Release/libfreeRTOS.a(tasks.o)
                0x00002498                vTaskStartScheduler
 .text.vPortFree
                0x00002510       0x60 G:/CG2271/freeRTOS/Release/libfreeRTOS.a(heap_2.o)
                0x00002510                vPortFree
 .text.pvPortMalloc
                0x00002570      0x146 G:/CG2271/freeRTOS/Release/libfreeRTOS.a(heap_2.o)
                0x00002570                pvPortMalloc
 .text.vListInitialise
                0x000026b6       0x28 G:/CG2271/freeRTOS/Release/libfreeRTOS.a(list.o)
                0x000026b6                vListInitialise
 .text.vListInitialiseItem
                0x000026de        0x8 G:/CG2271/freeRTOS/Release/libfreeRTOS.a(list.o)
                0x000026de                vListInitialiseItem
 .text.vListInsertEnd
                0x000026e6       0x3e G:/CG2271/freeRTOS/Release/libfreeRTOS.a(list.o)
                0x000026e6                vListInsertEnd
 .text.vListInsert
                0x00002724       0x84 G:/CG2271/freeRTOS/Release/libfreeRTOS.a(list.o)
                0x00002724                vListInsert
 .text.uxListRemove
                0x000027a8       0x54 G:/CG2271/freeRTOS/Release/libfreeRTOS.a(list.o)
                0x000027a8                uxListRemove
 .text.libgcc   0x000027fc       0x26 c:/winavr-20100110/bin/../lib/gcc/avr/4.3.3/avr5\libgcc.a(_divmodhi4.o)
                0x000027fc                __divmodhi4
                0x000027fc                _div
 .text.libgcc   0x00002822       0x44 c:/winavr-20100110/bin/../lib/gcc/avr/4.3.3/avr5\libgcc.a(_udivmodsi4.o)
                0x00002822                __udivmodsi4
 .text.libgcc   0x00002866       0x28 c:/winavr-20100110/bin/../lib/gcc/avr/4.3.3/avr5\libgcc.a(_udivmodhi4.o)
                0x00002866                __udivmodhi4
 .text.libgcc   0x0000288e        0xc c:/winavr-20100110/bin/../lib/gcc/avr/4.3.3/avr5\libgcc.a(_tablejump.o)
                0x00002892                __tablejump__
                0x0000288e                __tablejump2__
 .text.avr-libc
                0x0000289a       0x12 c:/winavr-20100110/bin/../lib/gcc/avr/4.3.3/../../../../avr/lib/avr5\libc.a(memcpy.o)
                0x0000289a                memcpy
                0x000028ac                . = ALIGN (0x2)
 *(.fini9)
 .fini9         0x000028ac        0x0 c:/winavr-20100110/bin/../lib/gcc/avr/4.3.3/avr5\libgcc.a(_exit.o)
                0x000028ac                exit
                0x000028ac                _exit
 *(.fini9)
 *(.fini8)
 *(.fini8)
 *(.fini7)
 *(.fini7)
 *(.fini6)
 *(.fini6)
 *(.fini5)
 *(.fini5)
 *(.fini4)
 *(.fini4)
 *(.fini3)
 *(.fini3)
 *(.fini2)
 *(.fini2)
 *(.fini1)
 *(.fini1)
 *(.fini0)
 .fini0         0x000028ac        0x4 c:/winavr-20100110/bin/../lib/gcc/avr/4.3.3/avr5\libgcc.a(_exit.o)
 *(.fini0)
                0x000028b0                _etext = .

.data           0x00800100       0x6c load address 0x000028b0
                0x00800100                PROVIDE (__data_start, .)
 *(.data)
 .data          0x00800100        0xf ./arduino/Print.o
 .data          0x0080010f       0x35 ./test.o
 .data          0x00800144        0x5 G:/CG2271/freeRTOS/Release/libfreeRTOS.a(tasks.o)
 *(.data*)
 .data._ZL9tone_pins
                0x00800149        0x1 ./arduino/Tone.o
 .data.intFunc  0x0080014a        0x4 ./arduino/WInterrupts.o
 .data.analog_reference
                0x0080014e        0x1 ./arduino/wiring_analog.o
                0x0080014e                analog_reference
 .data.debounceDelay
                0x0080014f        0x4 ./test.o
                0x0080014f                debounceDelay
 .data.xFreeBytesRemaining
                0x00800153        0x2 G:/CG2271/freeRTOS/Release/libfreeRTOS.a(heap_2.o)
 *(.rodata)
 *(.rodata*)
 .rodata._ZTV14HardwareSerial
                0x00800155       0x10 ./arduino/HardwareSerial.o
                0x00800155                vtable for HardwareSerial
 .rodata._ZTV9IPAddress
                0x00800165        0x6 ./arduino/IPAddress.o
                0x00800165                vtable for IPAddress
 *(.gnu.linkonce.d*)
                0x0080016c                . = ALIGN (0x2)
 *fill*         0x0080016b        0x1 00
                0x0080016c                _edata = .
                0x0080016c                PROVIDE (__data_end, .)

.bss            0x0080016c      0x76a
                0x0080016c                PROVIDE (__bss_start, .)
 *(.bss)
 *(.bss*)
 .bss.Serial    0x0080016c       0x9d ./arduino/HardwareSerial0.o
                0x0080016c                Serial
 .bss._ZL11INADDR_NONE
                0x00800209        0x6 ./arduino/IPAddress.o
 .bss.timer2_toggle_count
                0x0080020f        0x4 ./arduino/Tone.o
                0x0080020f                timer2_toggle_count
 .bss.timer2_pin_port
                0x00800213        0x2 ./arduino/Tone.o
                0x00800213                timer2_pin_port
 .bss.timer2_pin_mask
                0x00800215        0x1 ./arduino/Tone.o
                0x00800215                timer2_pin_mask
 .bss.timer0_overflow_count
                0x00800216        0x4 ./arduino/wiring.o
                0x00800216                timer0_overflow_count
 .bss.timer0_millis
                0x0080021a        0x4 ./arduino/wiring.o
                0x0080021a                timer0_millis
 .bss.timer0_fract
                0x0080021e        0x1 ./arduino/wiring.o
 .bss.xAccelerator
                0x0080021f        0x2 ./test.o
                0x0080021f                xAccelerator
 .bss.xBrake    0x00800221        0x2 ./test.o
                0x00800221                xBrake
 .bss.xSpeed    0x00800223        0x2 ./test.o
                0x00800223                xSpeed
 .bss.xPTTM     0x00800225        0x2 ./test.o
                0x00800225                xPTTM
 .bss.debounceTime
                0x00800227        0x4 ./test.o
                0x00800227                debounceTime
 .bss.lastDebounceTime
                0x0080022b        0x4 ./test.o
                0x0080022b                lastDebounceTime
 .bss.lastDebounceTime2
                0x0080022f        0x4 ./test.o
                0x0080022f                lastDebounceTime2
 .bss._ZZ5brakevE24xHigherPriorityTaskWoken
                0x00800233        0x1 ./test.o
 .bss._ZZ11acceleratorvE24xHigherPriorityTaskWoken
                0x00800234        0x1 ./test.o
 .bss.pxCurrentTCB
                0x00800235        0x2 G:/CG2271/freeRTOS/Release/libfreeRTOS.a(tasks.o)
                0x00800235                pxCurrentTCB
 .bss.uxSchedulerSuspended
                0x00800237        0x1 G:/CG2271/freeRTOS/Release/libfreeRTOS.a(tasks.o)
 .bss.uxTopReadyPriority
                0x00800238        0x1 G:/CG2271/freeRTOS/Release/libfreeRTOS.a(tasks.o)
 .bss.xTickCount
                0x00800239        0x4 G:/CG2271/freeRTOS/Release/libfreeRTOS.a(tasks.o)
 .bss.xNextTaskUnblockTime
                0x0080023d        0x4 G:/CG2271/freeRTOS/Release/libfreeRTOS.a(tasks.o)
 .bss.xYieldPending
                0x00800241        0x1 G:/CG2271/freeRTOS/Release/libfreeRTOS.a(tasks.o)
 .bss.xNumOfOverflows
                0x00800242        0x1 G:/CG2271/freeRTOS/Release/libfreeRTOS.a(tasks.o)
 .bss.uxPendedTicks
                0x00800243        0x1 G:/CG2271/freeRTOS/Release/libfreeRTOS.a(tasks.o)
 .bss.uxCurrentNumberOfTasks
                0x00800244        0x1 G:/CG2271/freeRTOS/Release/libfreeRTOS.a(tasks.o)
 .bss.xSchedulerRunning
                0x00800245        0x1 G:/CG2271/freeRTOS/Release/libfreeRTOS.a(tasks.o)
 .bss.uxTasksDeleted
                0x00800246        0x1 G:/CG2271/freeRTOS/Release/libfreeRTOS.a(tasks.o)
 .bss.uxTaskNumber
                0x00800247        0x1 G:/CG2271/freeRTOS/Release/libfreeRTOS.a(tasks.o)
 .bss.pxReadyTasksLists
                0x00800248       0x6e G:/CG2271/freeRTOS/Release/libfreeRTOS.a(tasks.o)
 .bss.xDelayedTaskList1
                0x008002b6        0xb G:/CG2271/freeRTOS/Release/libfreeRTOS.a(tasks.o)
 .bss.xDelayedTaskList2
                0x008002c1        0xb G:/CG2271/freeRTOS/Release/libfreeRTOS.a(tasks.o)
 .bss.pxDelayedTaskList
                0x008002cc        0x2 G:/CG2271/freeRTOS/Release/libfreeRTOS.a(tasks.o)
 .bss.pxOverflowDelayedTaskList
                0x008002ce        0x2 G:/CG2271/freeRTOS/Release/libfreeRTOS.a(tasks.o)
 .bss.xPendingReadyList
                0x008002d0        0xb G:/CG2271/freeRTOS/Release/libfreeRTOS.a(tasks.o)
 .bss.xTasksWaitingTermination
                0x008002db        0xb G:/CG2271/freeRTOS/Release/libfreeRTOS.a(tasks.o)
 .bss.xSuspendedTaskList
                0x008002e6        0xb G:/CG2271/freeRTOS/Release/libfreeRTOS.a(tasks.o)
 .bss.xHeapHasBeenInitialised.1587
                0x008002f1        0x1 G:/CG2271/freeRTOS/Release/libfreeRTOS.a(heap_2.o)
 .bss.ucHeap    0x008002f2      0x5dc G:/CG2271/freeRTOS/Release/libfreeRTOS.a(heap_2.o)
 .bss.xStart    0x008008ce        0x4 G:/CG2271/freeRTOS/Release/libfreeRTOS.a(heap_2.o)
 .bss.xEnd      0x008008d2        0x4 G:/CG2271/freeRTOS/Release/libfreeRTOS.a(heap_2.o)
 *(COMMON)
                0x008008d6                PROVIDE (__bss_end, .)
                0x000028b0                __data_load_start = LOADADDR (.data)
                0x0000291c                __data_load_end = (__data_load_start + SIZEOF (.data))

.noinit         0x008008d6        0x0
                0x008008d6                PROVIDE (__noinit_start, .)
 *(.noinit*)
                0x008008d6                PROVIDE (__noinit_end, .)
                0x008008d6                _end = .
                0x008008d6                PROVIDE (__heap_start, .)

.eeprom         0x00810000        0x0
 *(.eeprom*)
                0x00810000                __eeprom_end = .

.fuse
 *(.fuse)
 *(.lfuse)
 *(.hfuse)
 *(.efuse)

.lock
 *(.lock*)

.signature
 *(.signature*)

.stab
 *(.stab)

.stabstr
 *(.stabstr)

.stab.excl
 *(.stab.excl)

.stab.exclstr
 *(.stab.exclstr)

.stab.index
 *(.stab.index)

.stab.indexstr
 *(.stab.indexstr)

.comment
 *(.comment)

.debug
 *(.debug)

.line
 *(.line)

.debug_srcinfo
 *(.debug_srcinfo)

.debug_sfnames
 *(.debug_sfnames)

.debug_aranges  0x00000000      0x200
 *(.debug_aranges)
 .debug_aranges
                0x00000000       0x20 c:/winavr-20100110/bin/../lib/gcc/avr/4.3.3/avr5\libgcc.a(_fixunssfsi.o)
 .debug_aranges
                0x00000020       0x20 c:/winavr-20100110/bin/../lib/gcc/avr/4.3.3/avr5\libgcc.a(_addsub_sf.o)
 .debug_aranges
                0x00000040       0x20 c:/winavr-20100110/bin/../lib/gcc/avr/4.3.3/avr5\libgcc.a(_mul_sf.o)
 .debug_aranges
                0x00000060       0x20 c:/winavr-20100110/bin/../lib/gcc/avr/4.3.3/avr5\libgcc.a(_div_sf.o)
 .debug_aranges
                0x00000080       0x20 c:/winavr-20100110/bin/../lib/gcc/avr/4.3.3/avr5\libgcc.a(_gt_sf.o)
 .debug_aranges
                0x000000a0       0x20 c:/winavr-20100110/bin/../lib/gcc/avr/4.3.3/avr5\libgcc.a(_ge_sf.o)
 .debug_aranges
                0x000000c0       0x20 c:/winavr-20100110/bin/../lib/gcc/avr/4.3.3/avr5\libgcc.a(_lt_sf.o)
 .debug_aranges
                0x000000e0       0x20 c:/winavr-20100110/bin/../lib/gcc/avr/4.3.3/avr5\libgcc.a(_le_sf.o)
 .debug_aranges
                0x00000100       0x20 c:/winavr-20100110/bin/../lib/gcc/avr/4.3.3/avr5\libgcc.a(_unord_sf.o)
 .debug_aranges
                0x00000120       0x20 c:/winavr-20100110/bin/../lib/gcc/avr/4.3.3/avr5\libgcc.a(_si_to_sf.o)
 .debug_aranges
                0x00000140       0x20 c:/winavr-20100110/bin/../lib/gcc/avr/4.3.3/avr5\libgcc.a(_sf_to_si.o)
 .debug_aranges
                0x00000160       0x20 c:/winavr-20100110/bin/../lib/gcc/avr/4.3.3/avr5\libgcc.a(_usi_to_sf.o)
 .debug_aranges
                0x00000180       0x20 c:/winavr-20100110/bin/../lib/gcc/avr/4.3.3/avr5\libgcc.a(_clzsi2.o)
 .debug_aranges
                0x000001a0       0x20 c:/winavr-20100110/bin/../lib/gcc/avr/4.3.3/avr5\libgcc.a(_pack_sf.o)
 .debug_aranges
                0x000001c0       0x20 c:/winavr-20100110/bin/../lib/gcc/avr/4.3.3/avr5\libgcc.a(_unpack_sf.o)
 .debug_aranges
                0x000001e0       0x20 c:/winavr-20100110/bin/../lib/gcc/avr/4.3.3/avr5\libgcc.a(_fpcmp_parts_sf.o)

.debug_pubnames
                0x00000000      0x253
 *(.debug_pubnames)
 .debug_pubnames
                0x00000000       0x23 c:/winavr-20100110/bin/../lib/gcc/avr/4.3.3/avr5\libgcc.a(_fixunssfsi.o)
 .debug_pubnames
                0x00000023       0x2c c:/winavr-20100110/bin/../lib/gcc/avr/4.3.3/avr5\libgcc.a(_addsub_sf.o)
 .debug_pubnames
                0x0000004f       0x1f c:/winavr-20100110/bin/../lib/gcc/avr/4.3.3/avr5\libgcc.a(_mul_sf.o)
 .debug_pubnames
                0x0000006e       0x1f c:/winavr-20100110/bin/../lib/gcc/avr/4.3.3/avr5\libgcc.a(_div_sf.o)
 .debug_pubnames
                0x0000008d       0x1e c:/winavr-20100110/bin/../lib/gcc/avr/4.3.3/avr5\libgcc.a(_gt_sf.o)
 .debug_pubnames
                0x000000ab       0x1e c:/winavr-20100110/bin/../lib/gcc/avr/4.3.3/avr5\libgcc.a(_ge_sf.o)
 .debug_pubnames
                0x000000c9       0x1e c:/winavr-20100110/bin/../lib/gcc/avr/4.3.3/avr5\libgcc.a(_lt_sf.o)
 .debug_pubnames
                0x000000e7       0x1e c:/winavr-20100110/bin/../lib/gcc/avr/4.3.3/avr5\libgcc.a(_le_sf.o)
 .debug_pubnames
                0x00000105       0x21 c:/winavr-20100110/bin/../lib/gcc/avr/4.3.3/avr5\libgcc.a(_unord_sf.o)
 .debug_pubnames
                0x00000126       0x22 c:/winavr-20100110/bin/../lib/gcc/avr/4.3.3/avr5\libgcc.a(_si_to_sf.o)
 .debug_pubnames
                0x00000148       0x20 c:/winavr-20100110/bin/../lib/gcc/avr/4.3.3/avr5\libgcc.a(_sf_to_si.o)
 .debug_pubnames
                0x00000168       0x22 c:/winavr-20100110/bin/../lib/gcc/avr/4.3.3/avr5\libgcc.a(_thenan_sf.o)
 .debug_pubnames
                0x0000018a       0x24 c:/winavr-20100110/bin/../lib/gcc/avr/4.3.3/avr5\libgcc.a(_usi_to_sf.o)
 .debug_pubnames
                0x000001ae       0x1f c:/winavr-20100110/bin/../lib/gcc/avr/4.3.3/avr5\libgcc.a(_clzsi2.o)
 .debug_pubnames
                0x000001cd       0x1f c:/winavr-20100110/bin/../lib/gcc/avr/4.3.3/avr5\libgcc.a(_pack_sf.o)
 .debug_pubnames
                0x000001ec       0x21 c:/winavr-20100110/bin/../lib/gcc/avr/4.3.3/avr5\libgcc.a(_unpack_sf.o)
 .debug_pubnames
                0x0000020d       0x26 c:/winavr-20100110/bin/../lib/gcc/avr/4.3.3/avr5\libgcc.a(_fpcmp_parts_sf.o)
 .debug_pubnames
                0x00000233       0x20 c:/winavr-20100110/bin/../lib/gcc/avr/4.3.3/avr5\libgcc.a(_clz.o)

.debug_info     0x00000000     0x2b10
 *(.debug_info)
 .debug_info    0x00000000       0xb1 c:/winavr-20100110/bin/../lib/gcc/avr/4.3.3/avr5\libgcc.a(_fixunssfsi.o)
 .debug_info    0x000000b1      0x47a c:/winavr-20100110/bin/../lib/gcc/avr/4.3.3/avr5\libgcc.a(_addsub_sf.o)
 .debug_info    0x0000052b      0x485 c:/winavr-20100110/bin/../lib/gcc/avr/4.3.3/avr5\libgcc.a(_mul_sf.o)
 .debug_info    0x000009b0      0x3fc c:/winavr-20100110/bin/../lib/gcc/avr/4.3.3/avr5\libgcc.a(_div_sf.o)
 .debug_info    0x00000dac      0x27f c:/winavr-20100110/bin/../lib/gcc/avr/4.3.3/avr5\libgcc.a(_gt_sf.o)
 .debug_info    0x0000102b      0x27f c:/winavr-20100110/bin/../lib/gcc/avr/4.3.3/avr5\libgcc.a(_ge_sf.o)
 .debug_info    0x000012aa      0x27f c:/winavr-20100110/bin/../lib/gcc/avr/4.3.3/avr5\libgcc.a(_lt_sf.o)
 .debug_info    0x00001529      0x27f c:/winavr-20100110/bin/../lib/gcc/avr/4.3.3/avr5\libgcc.a(_le_sf.o)
 .debug_info    0x000017a8      0x27f c:/winavr-20100110/bin/../lib/gcc/avr/4.3.3/avr5\libgcc.a(_unord_sf.o)
 .debug_info    0x00001a27      0x207 c:/winavr-20100110/bin/../lib/gcc/avr/4.3.3/avr5\libgcc.a(_si_to_sf.o)
 .debug_info    0x00001c2e      0x2b0 c:/winavr-20100110/bin/../lib/gcc/avr/4.3.3/avr5\libgcc.a(_sf_to_si.o)
 .debug_info    0x00001ede      0x12c c:/winavr-20100110/bin/../lib/gcc/avr/4.3.3/avr5\libgcc.a(_thenan_sf.o)
 .debug_info    0x0000200a      0x206 c:/winavr-20100110/bin/../lib/gcc/avr/4.3.3/avr5\libgcc.a(_usi_to_sf.o)
 .debug_info    0x00002210      0x117 c:/winavr-20100110/bin/../lib/gcc/avr/4.3.3/avr5\libgcc.a(_clzsi2.o)
 .debug_info    0x00002327      0x2df c:/winavr-20100110/bin/../lib/gcc/avr/4.3.3/avr5\libgcc.a(_pack_sf.o)
 .debug_info    0x00002606      0x251 c:/winavr-20100110/bin/../lib/gcc/avr/4.3.3/avr5\libgcc.a(_unpack_sf.o)
 .debug_info    0x00002857      0x210 c:/winavr-20100110/bin/../lib/gcc/avr/4.3.3/avr5\libgcc.a(_fpcmp_parts_sf.o)
 .debug_info    0x00002a67       0xa9 c:/winavr-20100110/bin/../lib/gcc/avr/4.3.3/avr5\libgcc.a(_clz.o)
 *(.gnu.linkonce.wi.*)

.debug_abbrev   0x00000000     0x1782
 *(.debug_abbrev)
 .debug_abbrev  0x00000000       0x5d c:/winavr-20100110/bin/../lib/gcc/avr/4.3.3/avr5\libgcc.a(_fixunssfsi.o)
 .debug_abbrev  0x0000005d      0x1ea c:/winavr-20100110/bin/../lib/gcc/avr/4.3.3/avr5\libgcc.a(_addsub_sf.o)
 .debug_abbrev  0x00000247      0x21b c:/winavr-20100110/bin/../lib/gcc/avr/4.3.3/avr5\libgcc.a(_mul_sf.o)
 .debug_abbrev  0x00000462      0x216 c:/winavr-20100110/bin/../lib/gcc/avr/4.3.3/avr5\libgcc.a(_div_sf.o)
 .debug_abbrev  0x00000678      0x15a c:/winavr-20100110/bin/../lib/gcc/avr/4.3.3/avr5\libgcc.a(_gt_sf.o)
 .debug_abbrev  0x000007d2      0x15a c:/winavr-20100110/bin/../lib/gcc/avr/4.3.3/avr5\libgcc.a(_ge_sf.o)
 .debug_abbrev  0x0000092c      0x15a c:/winavr-20100110/bin/../lib/gcc/avr/4.3.3/avr5\libgcc.a(_lt_sf.o)
 .debug_abbrev  0x00000a86      0x15a c:/winavr-20100110/bin/../lib/gcc/avr/4.3.3/avr5\libgcc.a(_le_sf.o)
 .debug_abbrev  0x00000be0      0x15a c:/winavr-20100110/bin/../lib/gcc/avr/4.3.3/avr5\libgcc.a(_unord_sf.o)
 .debug_abbrev  0x00000d3a      0x148 c:/winavr-20100110/bin/../lib/gcc/avr/4.3.3/avr5\libgcc.a(_si_to_sf.o)
 .debug_abbrev  0x00000e82      0x17f c:/winavr-20100110/bin/../lib/gcc/avr/4.3.3/avr5\libgcc.a(_sf_to_si.o)
 .debug_abbrev  0x00001001       0xad c:/winavr-20100110/bin/../lib/gcc/avr/4.3.3/avr5\libgcc.a(_thenan_sf.o)
 .debug_abbrev  0x000010ae      0x157 c:/winavr-20100110/bin/../lib/gcc/avr/4.3.3/avr5\libgcc.a(_usi_to_sf.o)
 .debug_abbrev  0x00001205       0xc4 c:/winavr-20100110/bin/../lib/gcc/avr/4.3.3/avr5\libgcc.a(_clzsi2.o)
 .debug_abbrev  0x000012c9      0x1c0 c:/winavr-20100110/bin/../lib/gcc/avr/4.3.3/avr5\libgcc.a(_pack_sf.o)
 .debug_abbrev  0x00001489      0x154 c:/winavr-20100110/bin/../lib/gcc/avr/4.3.3/avr5\libgcc.a(_unpack_sf.o)
 .debug_abbrev  0x000015dd      0x13b c:/winavr-20100110/bin/../lib/gcc/avr/4.3.3/avr5\libgcc.a(_fpcmp_parts_sf.o)
 .debug_abbrev  0x00001718       0x6a c:/winavr-20100110/bin/../lib/gcc/avr/4.3.3/avr5\libgcc.a(_clz.o)

.debug_line     0x00000000     0x14a9
 *(.debug_line)
 .debug_line    0x00000000       0xa7 c:/winavr-20100110/bin/../lib/gcc/avr/4.3.3/avr5\libgcc.a(_fixunssfsi.o)
 .debug_line    0x000000a7      0x2af c:/winavr-20100110/bin/../lib/gcc/avr/4.3.3/avr5\libgcc.a(_addsub_sf.o)
 .debug_line    0x00000356      0x239 c:/winavr-20100110/bin/../lib/gcc/avr/4.3.3/avr5\libgcc.a(_mul_sf.o)
 .debug_line    0x0000058f      0x1d5 c:/winavr-20100110/bin/../lib/gcc/avr/4.3.3/avr5\libgcc.a(_div_sf.o)
 .debug_line    0x00000764       0xd3 c:/winavr-20100110/bin/../lib/gcc/avr/4.3.3/avr5\libgcc.a(_gt_sf.o)
 .debug_line    0x00000837       0xd3 c:/winavr-20100110/bin/../lib/gcc/avr/4.3.3/avr5\libgcc.a(_ge_sf.o)
 .debug_line    0x0000090a       0xd3 c:/winavr-20100110/bin/../lib/gcc/avr/4.3.3/avr5\libgcc.a(_lt_sf.o)
 .debug_line    0x000009dd       0xd3 c:/winavr-20100110/bin/../lib/gcc/avr/4.3.3/avr5\libgcc.a(_le_sf.o)
 .debug_line    0x00000ab0       0xcb c:/winavr-20100110/bin/../lib/gcc/avr/4.3.3/avr5\libgcc.a(_unord_sf.o)
 .debug_line    0x00000b7b      0x135 c:/winavr-20100110/bin/../lib/gcc/avr/4.3.3/avr5\libgcc.a(_si_to_sf.o)
 .debug_line    0x00000cb0      0x109 c:/winavr-20100110/bin/../lib/gcc/avr/4.3.3/avr5\libgcc.a(_sf_to_si.o)
 .debug_line    0x00000db9       0x90 c:/winavr-20100110/bin/../lib/gcc/avr/4.3.3/avr5\libgcc.a(_thenan_sf.o)
 .debug_line    0x00000e49      0x133 c:/winavr-20100110/bin/../lib/gcc/avr/4.3.3/avr5\libgcc.a(_usi_to_sf.o)
 .debug_line    0x00000f7c       0xa5 c:/winavr-20100110/bin/../lib/gcc/avr/4.3.3/avr5\libgcc.a(_clzsi2.o)
 .debug_line    0x00001021      0x18a c:/winavr-20100110/bin/../lib/gcc/avr/4.3.3/avr5\libgcc.a(_pack_sf.o)
 .debug_line    0x000011ab      0x14b c:/winavr-20100110/bin/../lib/gcc/avr/4.3.3/avr5\libgcc.a(_unpack_sf.o)
 .debug_line    0x000012f6      0x137 c:/winavr-20100110/bin/../lib/gcc/avr/4.3.3/avr5\libgcc.a(_fpcmp_parts_sf.o)
 .debug_line    0x0000142d       0x7c c:/winavr-20100110/bin/../lib/gcc/avr/4.3.3/avr5\libgcc.a(_clz.o)

.debug_frame    0x00000000      0x220
 *(.debug_frame)
 .debug_frame   0x00000000       0x20 c:/winavr-20100110/bin/../lib/gcc/avr/4.3.3/avr5\libgcc.a(_fixunssfsi.o)
 .debug_frame   0x00000020       0x40 c:/winavr-20100110/bin/../lib/gcc/avr/4.3.3/avr5\libgcc.a(_addsub_sf.o)
 .debug_frame   0x00000060       0x20 c:/winavr-20100110/bin/../lib/gcc/avr/4.3.3/avr5\libgcc.a(_mul_sf.o)
 .debug_frame   0x00000080       0x20 c:/winavr-20100110/bin/../lib/gcc/avr/4.3.3/avr5\libgcc.a(_div_sf.o)
 .debug_frame   0x000000a0       0x20 c:/winavr-20100110/bin/../lib/gcc/avr/4.3.3/avr5\libgcc.a(_gt_sf.o)
 .debug_frame   0x000000c0       0x20 c:/winavr-20100110/bin/../lib/gcc/avr/4.3.3/avr5\libgcc.a(_ge_sf.o)
 .debug_frame   0x000000e0       0x20 c:/winavr-20100110/bin/../lib/gcc/avr/4.3.3/avr5\libgcc.a(_lt_sf.o)
 .debug_frame   0x00000100       0x20 c:/winavr-20100110/bin/../lib/gcc/avr/4.3.3/avr5\libgcc.a(_le_sf.o)
 .debug_frame   0x00000120       0x20 c:/winavr-20100110/bin/../lib/gcc/avr/4.3.3/avr5\libgcc.a(_unord_sf.o)
 .debug_frame   0x00000140       0x20 c:/winavr-20100110/bin/../lib/gcc/avr/4.3.3/avr5\libgcc.a(_si_to_sf.o)
 .debug_frame   0x00000160       0x20 c:/winavr-20100110/bin/../lib/gcc/avr/4.3.3/avr5\libgcc.a(_sf_to_si.o)
 .debug_frame   0x00000180       0x20 c:/winavr-20100110/bin/../lib/gcc/avr/4.3.3/avr5\libgcc.a(_usi_to_sf.o)
 .debug_frame   0x000001a0       0x20 c:/winavr-20100110/bin/../lib/gcc/avr/4.3.3/avr5\libgcc.a(_clzsi2.o)
 .debug_frame   0x000001c0       0x20 c:/winavr-20100110/bin/../lib/gcc/avr/4.3.3/avr5\libgcc.a(_pack_sf.o)
 .debug_frame   0x000001e0       0x20 c:/winavr-20100110/bin/../lib/gcc/avr/4.3.3/avr5\libgcc.a(_unpack_sf.o)
 .debug_frame   0x00000200       0x20 c:/winavr-20100110/bin/../lib/gcc/avr/4.3.3/avr5\libgcc.a(_fpcmp_parts_sf.o)

.debug_str      0x00000000      0x31a
 *(.debug_str)
 .debug_str     0x00000000       0xbf c:/winavr-20100110/bin/../lib/gcc/avr/4.3.3/avr5\libgcc.a(_fixunssfsi.o)
                                 0xfe (size before relaxing)
 .debug_str     0x000000bf      0x14d c:/winavr-20100110/bin/../lib/gcc/avr/4.3.3/avr5\libgcc.a(_addsub_sf.o)
                                0x206 (size before relaxing)
 .debug_str     0x0000020c       0x27 c:/winavr-20100110/bin/../lib/gcc/avr/4.3.3/avr5\libgcc.a(_mul_sf.o)
                                0x1bf (size before relaxing)
 .debug_str     0x00000233       0x35 c:/winavr-20100110/bin/../lib/gcc/avr/4.3.3/avr5\libgcc.a(_div_sf.o)
                                0x1c8 (size before relaxing)
 .debug_str     0x00000268        0x8 c:/winavr-20100110/bin/../lib/gcc/avr/4.3.3/avr5\libgcc.a(_gt_sf.o)
                                0x195 (size before relaxing)
 .debug_str     0x00000270        0x8 c:/winavr-20100110/bin/../lib/gcc/avr/4.3.3/avr5\libgcc.a(_ge_sf.o)
                                0x195 (size before relaxing)
 .debug_str     0x00000278        0x8 c:/winavr-20100110/bin/../lib/gcc/avr/4.3.3/avr5\libgcc.a(_lt_sf.o)
                                0x195 (size before relaxing)
 .debug_str     0x00000280        0x8 c:/winavr-20100110/bin/../lib/gcc/avr/4.3.3/avr5\libgcc.a(_le_sf.o)
                                0x195 (size before relaxing)
 .debug_str     0x00000288        0xb c:/winavr-20100110/bin/../lib/gcc/avr/4.3.3/avr5\libgcc.a(_unord_sf.o)
                                0x198 (size before relaxing)
 .debug_str     0x00000293       0x1e c:/winavr-20100110/bin/../lib/gcc/avr/4.3.3/avr5\libgcc.a(_si_to_sf.o)
                                0x17b (size before relaxing)
 .debug_str     0x000002b1        0xa c:/winavr-20100110/bin/../lib/gcc/avr/4.3.3/avr5\libgcc.a(_sf_to_si.o)
                                0x19e (size before relaxing)
 .debug_str     0x00000000      0x103 c:/winavr-20100110/bin/../lib/gcc/avr/4.3.3/avr5\libgcc.a(_thenan_sf.o)
 .debug_str     0x000002bb       0x14 c:/winavr-20100110/bin/../lib/gcc/avr/4.3.3/avr5\libgcc.a(_usi_to_sf.o)
                                0x177 (size before relaxing)
 .debug_str     0x000002cf       0x20 c:/winavr-20100110/bin/../lib/gcc/avr/4.3.3/avr5\libgcc.a(_clzsi2.o)
                                0x111 (size before relaxing)
 .debug_str     0x000002ef       0x10 c:/winavr-20100110/bin/../lib/gcc/avr/4.3.3/avr5\libgcc.a(_pack_sf.o)
                                0x19d (size before relaxing)
 .debug_str     0x000002ff        0xb c:/winavr-20100110/bin/../lib/gcc/avr/4.3.3/avr5\libgcc.a(_unpack_sf.o)
                                0x17f (size before relaxing)
 .debug_str     0x0000030a       0x10 c:/winavr-20100110/bin/../lib/gcc/avr/4.3.3/avr5\libgcc.a(_fpcmp_parts_sf.o)
                                0x163 (size before relaxing)
 .debug_str     0x00000000       0xf4 c:/winavr-20100110/bin/../lib/gcc/avr/4.3.3/avr5\libgcc.a(_clz.o)

.debug_loc      0x00000000      0xa92
 *(.debug_loc)
 .debug_loc     0x00000000       0x34 c:/winavr-20100110/bin/../lib/gcc/avr/4.3.3/avr5\libgcc.a(_fixunssfsi.o)
 .debug_loc     0x00000034      0x32a c:/winavr-20100110/bin/../lib/gcc/avr/4.3.3/avr5\libgcc.a(_addsub_sf.o)
 .debug_loc     0x0000035e      0x104 c:/winavr-20100110/bin/../lib/gcc/avr/4.3.3/avr5\libgcc.a(_mul_sf.o)
 .debug_loc     0x00000462       0xc0 c:/winavr-20100110/bin/../lib/gcc/avr/4.3.3/avr5\libgcc.a(_div_sf.o)
 .debug_loc     0x00000522       0x3c c:/winavr-20100110/bin/../lib/gcc/avr/4.3.3/avr5\libgcc.a(_gt_sf.o)
 .debug_loc     0x0000055e       0x3c c:/winavr-20100110/bin/../lib/gcc/avr/4.3.3/avr5\libgcc.a(_ge_sf.o)
 .debug_loc     0x0000059a       0x3c c:/winavr-20100110/bin/../lib/gcc/avr/4.3.3/avr5\libgcc.a(_lt_sf.o)
 .debug_loc     0x000005d6       0x3c c:/winavr-20100110/bin/../lib/gcc/avr/4.3.3/avr5\libgcc.a(_le_sf.o)
 .debug_loc     0x00000612       0x3c c:/winavr-20100110/bin/../lib/gcc/avr/4.3.3/avr5\libgcc.a(_unord_sf.o)
 .debug_loc     0x0000064e       0xac c:/winavr-20100110/bin/../lib/gcc/avr/4.3.3/avr5\libgcc.a(_si_to_sf.o)
 .debug_loc     0x000006fa       0x7e c:/winavr-20100110/bin/../lib/gcc/avr/4.3.3/avr5\libgcc.a(_sf_to_si.o)
 .debug_loc     0x00000778       0x4c c:/winavr-20100110/bin/../lib/gcc/avr/4.3.3/avr5\libgcc.a(_usi_to_sf.o)
 .debug_loc     0x000007c4       0x94 c:/winavr-20100110/bin/../lib/gcc/avr/4.3.3/avr5\libgcc.a(_clzsi2.o)
 .debug_loc     0x00000858      0x13e c:/winavr-20100110/bin/../lib/gcc/avr/4.3.3/avr5\libgcc.a(_pack_sf.o)
 .debug_loc     0x00000996       0xac c:/winavr-20100110/bin/../lib/gcc/avr/4.3.3/avr5\libgcc.a(_unpack_sf.o)
 .debug_loc     0x00000a42       0x50 c:/winavr-20100110/bin/../lib/gcc/avr/4.3.3/avr5\libgcc.a(_fpcmp_parts_sf.o)

.debug_macinfo
 *(.debug_macinfo)
OUTPUT(Lab6.elf elf32-avr)
LOAD linker stubs

.debug_ranges   0x00000000       0x50
 .debug_ranges  0x00000000       0x50 c:/winavr-20100110/bin/../lib/gcc/avr/4.3.3/avr5\libgcc.a(_mul_sf.o)

Cross Reference Table

Symbol                                            File
HardwareSerial::_tx_udr_empty_irq()               ./arduino/HardwareSerial.o
                                                  ./arduino/HardwareSerial0.o
HardwareSerial::available()                       ./arduino/HardwareSerial.o
                                                  ./arduino/HardwareSerial0.o
HardwareSerial::availableForWrite()               ./arduino/HardwareSerial.o
HardwareSerial::begin(unsigned long, unsigned char) ./arduino/HardwareSerial.o
                                                  ./test.o
HardwareSerial::end()                             ./arduino/HardwareSerial.o
HardwareSerial::flush()                           ./arduino/HardwareSerial.o
HardwareSerial::peek()                            ./arduino/HardwareSerial.o
HardwareSerial::read()                            ./arduino/HardwareSerial.o
HardwareSerial::write(unsigned char)              ./arduino/HardwareSerial.o
IPAddress::IPAddress()                            ./arduino/IPAddress.o
IPAddress::IPAddress()                            ./arduino/IPAddress.o
IPAddress::IPAddress(unsigned char const*)        ./arduino/IPAddress.o
IPAddress::IPAddress(unsigned char const*)        ./arduino/IPAddress.o
IPAddress::IPAddress(unsigned char, unsigned char, unsigned char, unsigned char) ./arduino/IPAddress.o
IPAddress::IPAddress(unsigned char, unsigned char, unsigned char, unsigned char) ./arduino/IPAddress.o
IPAddress::IPAddress(unsigned long)               ./arduino/IPAddress.o
IPAddress::IPAddress(unsigned long)               ./arduino/IPAddress.o
IPAddress::fromString(char const*)                ./arduino/IPAddress.o
IPAddress::operator=(unsigned char const*)        ./arduino/IPAddress.o
IPAddress::operator=(unsigned long)               ./arduino/IPAddress.o
IPAddress::operator==(unsigned char const*) const ./arduino/IPAddress.o
IPAddress::printTo(Print&) const                  ./arduino/IPAddress.o
Print::print(Printable const&)                    ./arduino/Print.o
Print::print(String const&)                       ./arduino/Print.o
Print::print(__FlashStringHelper const*)          ./arduino/Print.o
Print::print(char const*)                         ./arduino/Print.o
Print::print(char)                                ./arduino/Print.o
                                                  ./arduino/IPAddress.o
Print::print(double, int)                         ./arduino/Print.o
Print::print(int, int)                            ./arduino/Print.o
Print::print(long, int)                           ./arduino/Print.o
Print::print(unsigned char, int)                  ./arduino/Print.o
                                                  ./arduino/IPAddress.o
Print::print(unsigned int, int)                   ./arduino/Print.o
Print::print(unsigned long, int)                  ./arduino/Print.o
Print::printFloat(double, unsigned char)          ./arduino/Print.o
Print::printNumber(unsigned long, unsigned char)  ./arduino/Print.o
Print::println()                                  ./arduino/Print.o
Print::println(Printable const&)                  ./arduino/Print.o
Print::println(String const&)                     ./arduino/Print.o
Print::println(__FlashStringHelper const*)        ./arduino/Print.o
Print::println(char const*)                       ./arduino/Print.o
                                                  ./test.o
Print::println(char)                              ./arduino/Print.o
Print::println(double, int)                       ./arduino/Print.o
Print::println(int, int)                          ./arduino/Print.o
Print::println(long, int)                         ./arduino/Print.o
Print::println(unsigned char, int)                ./arduino/Print.o
Print::println(unsigned int, int)                 ./arduino/Print.o
Print::println(unsigned long, int)                ./arduino/Print.o
Print::write(char const*)                         ./arduino/Print.o
Print::write(unsigned char const*, unsigned int)  ./arduino/Print.o
                                                  ./arduino/HardwareSerial0.o
                                                  ./arduino/HardwareSerial.o
Serial                                            ./arduino/HardwareSerial0.o
                                                  ./test.o
Serial0_available()                               ./arduino/HardwareSerial0.o
                                                  ./arduino/HardwareSerial.o
Stream::find(char*)                               ./arduino/Stream.o
Stream::find(char*, unsigned int)                 ./arduino/Stream.o
Stream::findMulti(Stream::MultiTarget*, int)      ./arduino/Stream.o
Stream::findUntil(char*, char*)                   ./arduino/Stream.o
Stream::findUntil(char*, unsigned int, char*, unsigned int) ./arduino/Stream.o
Stream::parseFloat(LookaheadMode, char)           ./arduino/Stream.o
Stream::parseInt(LookaheadMode, char)             ./arduino/Stream.o
Stream::peekNextDigit(LookaheadMode, bool)        ./arduino/Stream.o
Stream::readBytes(char*, unsigned int)            ./arduino/Stream.o
Stream::readBytesUntil(char, char*, unsigned int) ./arduino/Stream.o
Stream::readString()                              ./arduino/Stream.o
Stream::readStringUntil(char)                     ./arduino/Stream.o
Stream::setTimeout(unsigned long)                 ./arduino/Stream.o
Stream::timedPeek()                               ./arduino/Stream.o
Stream::timedRead()                               ./arduino/Stream.o
String::String(String const&)                     ./arduino/WString.o
String::String(String const&)                     ./arduino/WString.o
String::String(__FlashStringHelper const*)        ./arduino/WString.o
String::String(__FlashStringHelper const*)        ./arduino/WString.o
String::String(char const*)                       ./arduino/WString.o
String::String(char const*)                       ./arduino/WString.o
                                                  ./arduino/Stream.o
String::String(char)                              ./arduino/WString.o
String::String(char)                              ./arduino/WString.o
String::String(double, unsigned char)             ./arduino/WString.o
String::String(double, unsigned char)             ./arduino/WString.o
String::String(float, unsigned char)              ./arduino/WString.o
String::String(float, unsigned char)              ./arduino/WString.o
String::String(int, unsigned char)                ./arduino/WString.o
String::String(int, unsigned char)                ./arduino/WString.o
String::String(long, unsigned char)               ./arduino/WString.o
String::String(long, unsigned char)               ./arduino/WString.o
String::String(unsigned char, unsigned char)      ./arduino/WString.o
String::String(unsigned char, unsigned char)      ./arduino/WString.o
String::String(unsigned int, unsigned char)       ./arduino/WString.o
String::String(unsigned int, unsigned char)       ./arduino/WString.o
String::String(unsigned long, unsigned char)      ./arduino/WString.o
String::String(unsigned long, unsigned char)      ./arduino/WString.o
String::changeBuffer(unsigned int)                ./arduino/WString.o
String::charAt(unsigned int) const                ./arduino/WString.o
String::compareTo(String const&) const            ./arduino/WString.o
String::concat(String const&)                     ./arduino/WString.o
String::concat(__FlashStringHelper const*)        ./arduino/WString.o
String::concat(char const*)                       ./arduino/WString.o
String::concat(char const*, unsigned int)         ./arduino/WString.o
String::concat(char)                              ./arduino/WString.o
                                                  ./arduino/Stream.o
String::concat(double)                            ./arduino/WString.o
String::concat(float)                             ./arduino/WString.o
String::concat(int)                               ./arduino/WString.o
String::concat(long)                              ./arduino/WString.o
String::concat(unsigned char)                     ./arduino/WString.o
String::concat(unsigned int)                      ./arduino/WString.o
String::concat(unsigned long)                     ./arduino/WString.o
String::copy(__FlashStringHelper const*, unsigned int) ./arduino/WString.o
String::copy(char const*, unsigned int)           ./arduino/WString.o
String::endsWith(String const&) const             ./arduino/WString.o
String::equals(String const&) const               ./arduino/WString.o
String::equals(char const*) const                 ./arduino/WString.o
String::equalsIgnoreCase(String const&) const     ./arduino/WString.o
String::getBytes(unsigned char*, unsigned int, unsigned int) const ./arduino/WString.o
String::indexOf(String const&) const              ./arduino/WString.o
String::indexOf(String const&, unsigned int) const ./arduino/WString.o
String::indexOf(char) const                       ./arduino/WString.o
String::indexOf(char, unsigned int) const         ./arduino/WString.o
String::invalidate()                              ./arduino/WString.o
String::lastIndexOf(String const&) const          ./arduino/WString.o
String::lastIndexOf(String const&, unsigned int) const ./arduino/WString.o
String::lastIndexOf(char) const                   ./arduino/WString.o
String::lastIndexOf(char, unsigned int) const     ./arduino/WString.o
String::operator<(String const&) const            ./arduino/WString.o
String::operator<=(String const&) const           ./arduino/WString.o
String::operator=(String const&)                  ./arduino/WString.o
String::operator=(__FlashStringHelper const*)     ./arduino/WString.o
String::operator=(char const*)                    ./arduino/WString.o
String::operator>(String const&) const            ./arduino/WString.o
String::operator>=(String const&) const           ./arduino/WString.o
String::operator[](unsigned int)                  ./arduino/WString.o
String::operator[](unsigned int) const            ./arduino/WString.o
String::remove(unsigned int)                      ./arduino/WString.o
String::remove(unsigned int, unsigned int)        ./arduino/WString.o
String::replace(String const&, String const&)     ./arduino/WString.o
String::replace(char, char)                       ./arduino/WString.o
String::reserve(unsigned int)                     ./arduino/WString.o
String::setCharAt(unsigned int, char)             ./arduino/WString.o
String::startsWith(String const&) const           ./arduino/WString.o
String::startsWith(String const&, unsigned int) const ./arduino/WString.o
String::substring(unsigned int, unsigned int) const ./arduino/WString.o
String::toDouble() const                          ./arduino/WString.o
String::toFloat() const                           ./arduino/WString.o
String::toInt() const                             ./arduino/WString.o
String::toLowerCase()                             ./arduino/WString.o
String::toUpperCase()                             ./arduino/WString.o
String::trim()                                    ./arduino/WString.o
String::~String()                                 ./arduino/WString.o
String::~String()                                 ./arduino/WString.o
UARTCommunication(void*)                          ./test.o
__addsf3                                          c:/winavr-20100110/bin/../lib/gcc/avr/4.3.3/avr5\libgcc.a(_addsub_sf.o)
                                                  ./arduino/Print.o
__bad_interrupt                                   c:/winavr-20100110/bin/../lib/gcc/avr/4.3.3/../../../../avr/lib/avr5/crtm328p.o
__brkval                                          c:/winavr-20100110/bin/../lib/gcc/avr/4.3.3/../../../../avr/lib/avr5\libc.a(realloc.o)
                                                  c:/winavr-20100110/bin/../lib/gcc/avr/4.3.3/../../../../avr/lib/avr5\libc.a(malloc.o)
__bss_end                                         c:/winavr-20100110/bin/../lib/gcc/avr/4.3.3/avr5\libgcc.a(_clear_bss.o)
__bss_start                                       c:/winavr-20100110/bin/../lib/gcc/avr/4.3.3/avr5\libgcc.a(_clear_bss.o)
__clz_tab                                         c:/winavr-20100110/bin/../lib/gcc/avr/4.3.3/avr5\libgcc.a(_clz.o)
                                                  c:/winavr-20100110/bin/../lib/gcc/avr/4.3.3/avr5\libgcc.a(_clzsi2.o)
__clzsi2                                          c:/winavr-20100110/bin/../lib/gcc/avr/4.3.3/avr5\libgcc.a(_clzsi2.o)
                                                  c:/winavr-20100110/bin/../lib/gcc/avr/4.3.3/avr5\libgcc.a(_usi_to_sf.o)
                                                  c:/winavr-20100110/bin/../lib/gcc/avr/4.3.3/avr5\libgcc.a(_si_to_sf.o)
__cmpsf2                                          c:/winavr-20100110/bin/../lib/gcc/avr/4.3.3/../../../../avr/lib/avr5\libc.a(cmpsf2.o)
__ctors_end                                       c:/winavr-20100110/bin/../lib/gcc/avr/4.3.3/avr5\libgcc.a(_ctors.o)
__ctors_start                                     c:/winavr-20100110/bin/../lib/gcc/avr/4.3.3/avr5\libgcc.a(_ctors.o)
__ctype_isfalse                                   c:/winavr-20100110/bin/../lib/gcc/avr/4.3.3/../../../../avr/lib/avr5\libc.a(cty_isfalse.o)
                                                  c:/winavr-20100110/bin/../lib/gcc/avr/4.3.3/../../../../avr/lib/avr5\libc.a(isspace.o)
__ctype_istrue                                    c:/winavr-20100110/bin/../lib/gcc/avr/4.3.3/../../../../avr/lib/avr5\libc.a(cty_isfalse.o)
__cxa_deleted_virtual                             ./arduino/abi.o
__cxa_pure_virtual                                ./arduino/abi.o
                                                  ./arduino/Print.o
                                                  ./arduino/IPAddress.o
                                                  ./arduino/HardwareSerial0.o
__data_end                                        c:/winavr-20100110/bin/../lib/gcc/avr/4.3.3/avr5\libgcc.a(_copy_data.o)
__data_load_start                                 c:/winavr-20100110/bin/../lib/gcc/avr/4.3.3/avr5\libgcc.a(_copy_data.o)
__data_start                                      c:/winavr-20100110/bin/../lib/gcc/avr/4.3.3/avr5\libgcc.a(_copy_data.o)
__divmodhi4                                       c:/winavr-20100110/bin/../lib/gcc/avr/4.3.3/avr5\libgcc.a(_divmodhi4.o)
                                                  ./test.o
__divmodsi4                                       c:/winavr-20100110/bin/../lib/gcc/avr/4.3.3/avr5\libgcc.a(_divmodsi4.o)
                                                  c:/winavr-20100110/bin/../lib/gcc/avr/4.3.3/../../../../avr/lib/avr5\libc.a(random.o)
                                                  ./arduino/WMath.o
__divsf3                                          c:/winavr-20100110/bin/../lib/gcc/avr/4.3.3/avr5\libgcc.a(_div_sf.o)
                                                  ./arduino/Print.o
__do_clear_bss                                    c:/winavr-20100110/bin/../lib/gcc/avr/4.3.3/avr5\libgcc.a(_clear_bss.o)
                                                  c:/winavr-20100110/bin/../lib/gcc/avr/4.3.3/../../../../avr/lib/avr5\libc.a(errno.o)
                                                  c:/winavr-20100110/bin/../lib/gcc/avr/4.3.3/../../../../avr/lib/avr5\libc.a(malloc.o)
                                                  G:/CG2271/freeRTOS/Release/libfreeRTOS.a(heap_2.o)
                                                  G:/CG2271/freeRTOS/Release/libfreeRTOS.a(tasks.o)
                                                  ./test.o
                                                  ./arduino/wiring.o
                                                  ./arduino/WString.o
                                                  ./arduino/Tone.o
                                                  ./arduino/IPAddress.o
                                                  ./arduino/HardwareSerial0.o
__do_copy_data                                    c:/winavr-20100110/bin/../lib/gcc/avr/4.3.3/avr5\libgcc.a(_copy_data.o)
                                                  c:/winavr-20100110/bin/../lib/gcc/avr/4.3.3/../../../../avr/lib/avr5\libc.a(random.o)
                                                  c:/winavr-20100110/bin/../lib/gcc/avr/4.3.3/../../../../avr/lib/avr5\libc.a(malloc.o)
                                                  c:/winavr-20100110/bin/../lib/gcc/avr/4.3.3/avr5\libgcc.a(_clz.o)
                                                  c:/winavr-20100110/bin/../lib/gcc/avr/4.3.3/avr5\libgcc.a(_thenan_sf.o)
                                                  G:/CG2271/freeRTOS/Release/libfreeRTOS.a(heap_2.o)
                                                  G:/CG2271/freeRTOS/Release/libfreeRTOS.a(tasks.o)
                                                  ./test.o
                                                  ./arduino/wiring_analog.o
                                                  ./arduino/WString.o
                                                  ./arduino/WInterrupts.o
                                                  ./arduino/Tone.o
                                                  ./arduino/Stream.o
                                                  ./arduino/Print.o
                                                  ./arduino/IPAddress.o
                                                  ./arduino/HardwareSerial0.o
                                                  ./arduino/HardwareSerial.o
__do_global_ctors                                 c:/winavr-20100110/bin/../lib/gcc/avr/4.3.3/avr5\libgcc.a(_ctors.o)
                                                  ./arduino/IPAddress.o
                                                  ./arduino/HardwareSerial0.o
__epilogue_restores__                             c:/winavr-20100110/bin/../lib/gcc/avr/4.3.3/avr5\libgcc.a(_epilogue.o)
                                                  c:/winavr-20100110/bin/../lib/gcc/avr/4.3.3/../../../../avr/lib/avr5\libc.a(strtod.o)
                                                  c:/winavr-20100110/bin/../lib/gcc/avr/4.3.3/../../../../avr/lib/avr5\libc.a(dtoa_prf.o)
                                                  c:/winavr-20100110/bin/../lib/gcc/avr/4.3.3/../../../../avr/lib/avr5\libc.a(realloc.o)
                                                  c:/winavr-20100110/bin/../lib/gcc/avr/4.3.3/../../../../avr/lib/avr5\libc.a(random.o)
                                                  c:/winavr-20100110/bin/../lib/gcc/avr/4.3.3/avr5\libgcc.a(_usi_to_sf.o)
                                                  c:/winavr-20100110/bin/../lib/gcc/avr/4.3.3/avr5\libgcc.a(_sf_to_si.o)
                                                  c:/winavr-20100110/bin/../lib/gcc/avr/4.3.3/avr5\libgcc.a(_si_to_sf.o)
                                                  c:/winavr-20100110/bin/../lib/gcc/avr/4.3.3/avr5\libgcc.a(_unord_sf.o)
                                                  c:/winavr-20100110/bin/../lib/gcc/avr/4.3.3/avr5\libgcc.a(_le_sf.o)
                                                  c:/winavr-20100110/bin/../lib/gcc/avr/4.3.3/avr5\libgcc.a(_lt_sf.o)
                                                  c:/winavr-20100110/bin/../lib/gcc/avr/4.3.3/avr5\libgcc.a(_ge_sf.o)
                                                  c:/winavr-20100110/bin/../lib/gcc/avr/4.3.3/avr5\libgcc.a(_gt_sf.o)
                                                  c:/winavr-20100110/bin/../lib/gcc/avr/4.3.3/avr5\libgcc.a(_div_sf.o)
                                                  c:/winavr-20100110/bin/../lib/gcc/avr/4.3.3/avr5\libgcc.a(_mul_sf.o)
                                                  c:/winavr-20100110/bin/../lib/gcc/avr/4.3.3/avr5\libgcc.a(_addsub_sf.o)
__eqsf2                                           c:/winavr-20100110/bin/../lib/gcc/avr/4.3.3/../../../../avr/lib/avr5\libc.a(cmpsf2.o)
                                                  c:/winavr-20100110/bin/../lib/gcc/avr/4.3.3/../../../../avr/lib/avr5\libc.a(strtod.o)
__fixsfsi                                         c:/winavr-20100110/bin/../lib/gcc/avr/4.3.3/avr5\libgcc.a(_sf_to_si.o)
                                                  c:/winavr-20100110/bin/../lib/gcc/avr/4.3.3/avr5\libgcc.a(_fixunssfsi.o)
__fixunssfsi                                      c:/winavr-20100110/bin/../lib/gcc/avr/4.3.3/avr5\libgcc.a(_fixunssfsi.o)
                                                  ./arduino/Print.o
__floatsisf                                       c:/winavr-20100110/bin/../lib/gcc/avr/4.3.3/avr5\libgcc.a(_si_to_sf.o)
                                                  ./arduino/Stream.o
__floatunsisf                                     c:/winavr-20100110/bin/../lib/gcc/avr/4.3.3/avr5\libgcc.a(_usi_to_sf.o)
                                                  c:/winavr-20100110/bin/../lib/gcc/avr/4.3.3/../../../../avr/lib/avr5\libc.a(strtod.o)
                                                  ./arduino/Print.o
__flp                                             c:/winavr-20100110/bin/../lib/gcc/avr/4.3.3/../../../../avr/lib/avr5\libc.a(realloc.o)
                                                  c:/winavr-20100110/bin/../lib/gcc/avr/4.3.3/../../../../avr/lib/avr5\libc.a(malloc.o)
__fp_cmp                                          c:/winavr-20100110/bin/../lib/gcc/avr/4.3.3/../../../../avr/lib/avr5\libc.a(fp_cmp.o)
                                                  c:/winavr-20100110/bin/../lib/gcc/avr/4.3.3/../../../../avr/lib/avr5\libc.a(cmpsf2.o)
__fpcmp_parts_f                                   c:/winavr-20100110/bin/../lib/gcc/avr/4.3.3/avr5\libgcc.a(_fpcmp_parts_sf.o)
                                                  c:/winavr-20100110/bin/../lib/gcc/avr/4.3.3/avr5\libgcc.a(_le_sf.o)
                                                  c:/winavr-20100110/bin/../lib/gcc/avr/4.3.3/avr5\libgcc.a(_lt_sf.o)
                                                  c:/winavr-20100110/bin/../lib/gcc/avr/4.3.3/avr5\libgcc.a(_ge_sf.o)
                                                  c:/winavr-20100110/bin/../lib/gcc/avr/4.3.3/avr5\libgcc.a(_gt_sf.o)
__ftoa_engine                                     c:/winavr-20100110/bin/../lib/gcc/avr/4.3.3/../../../../avr/lib/avr5\libc.a(ftoa_engine.o)
                                                  c:/winavr-20100110/bin/../lib/gcc/avr/4.3.3/../../../../avr/lib/avr5\libc.a(dtoa_prf.o)
__gesf2                                           c:/winavr-20100110/bin/../lib/gcc/avr/4.3.3/avr5\libgcc.a(_ge_sf.o)
                                                  c:/winavr-20100110/bin/../lib/gcc/avr/4.3.3/avr5\libgcc.a(_fixunssfsi.o)
__gtsf2                                           c:/winavr-20100110/bin/../lib/gcc/avr/4.3.3/avr5\libgcc.a(_gt_sf.o)
                                                  ./arduino/Print.o
__heap_end                                        c:/winavr-20100110/bin/../lib/gcc/avr/4.3.3/../../../../avr/lib/avr5/crtm328p.o
                                                  c:/winavr-20100110/bin/../lib/gcc/avr/4.3.3/../../../../avr/lib/avr5\libc.a(malloc.o)
__heap_start                                      c:/winavr-20100110/bin/../lib/gcc/avr/4.3.3/../../../../avr/lib/avr5\libc.a(malloc.o)
__init                                            c:/winavr-20100110/bin/../lib/gcc/avr/4.3.3/../../../../avr/lib/avr5/crtm328p.o
__lesf2                                           c:/winavr-20100110/bin/../lib/gcc/avr/4.3.3/../../../../avr/lib/avr5\libc.a(cmpsf2.o)
                                                  c:/winavr-20100110/bin/../lib/gcc/avr/4.3.3/avr5\libgcc.a(_le_sf.o)
                                                  ./arduino/Print.o
__ltsf2                                           c:/winavr-20100110/bin/../lib/gcc/avr/4.3.3/../../../../avr/lib/avr5\libc.a(cmpsf2.o)
                                                  c:/winavr-20100110/bin/../lib/gcc/avr/4.3.3/avr5\libgcc.a(_lt_sf.o)
                                                  ./arduino/Print.o
__malloc_heap_end                                 c:/winavr-20100110/bin/../lib/gcc/avr/4.3.3/../../../../avr/lib/avr5\libc.a(malloc.o)
                                                  c:/winavr-20100110/bin/../lib/gcc/avr/4.3.3/../../../../avr/lib/avr5\libc.a(realloc.o)
__malloc_heap_start                               c:/winavr-20100110/bin/../lib/gcc/avr/4.3.3/../../../../avr/lib/avr5\libc.a(malloc.o)
__malloc_margin                                   c:/winavr-20100110/bin/../lib/gcc/avr/4.3.3/../../../../avr/lib/avr5\libc.a(malloc.o)
                                                  c:/winavr-20100110/bin/../lib/gcc/avr/4.3.3/../../../../avr/lib/avr5\libc.a(realloc.o)
__mulsf3                                          c:/winavr-20100110/bin/../lib/gcc/avr/4.3.3/avr5\libgcc.a(_mul_sf.o)
                                                  c:/winavr-20100110/bin/../lib/gcc/avr/4.3.3/../../../../avr/lib/avr5\libc.a(strtod.o)
                                                  ./arduino/Stream.o
                                                  ./arduino/Print.o
__mulsi3                                          c:/winavr-20100110/bin/../lib/gcc/avr/4.3.3/avr5\libgcc.a(_mulsi3.o)
                                                  c:/winavr-20100110/bin/../lib/gcc/avr/4.3.3/../../../../avr/lib/avr5\libc.a(random.o)
                                                  ./arduino/WMath.o
                                                  ./arduino/Tone.o
                                                  ./arduino/Stream.o
__mulsi_const_10                                  c:/winavr-20100110/bin/../lib/gcc/avr/4.3.3/../../../../avr/lib/avr5\libc.a(mulsi10.o)
                                                  c:/winavr-20100110/bin/../lib/gcc/avr/4.3.3/../../../../avr/lib/avr5\libc.a(atol.o)
__nesf2                                           c:/winavr-20100110/bin/../lib/gcc/avr/4.3.3/../../../../avr/lib/avr5\libc.a(cmpsf2.o)
                                                  c:/winavr-20100110/bin/../lib/gcc/avr/4.3.3/../../../../avr/lib/avr5\libc.a(strtod.o)
__pack_f                                          c:/winavr-20100110/bin/../lib/gcc/avr/4.3.3/avr5\libgcc.a(_pack_sf.o)
                                                  c:/winavr-20100110/bin/../lib/gcc/avr/4.3.3/avr5\libgcc.a(_usi_to_sf.o)
                                                  c:/winavr-20100110/bin/../lib/gcc/avr/4.3.3/avr5\libgcc.a(_si_to_sf.o)
                                                  c:/winavr-20100110/bin/../lib/gcc/avr/4.3.3/avr5\libgcc.a(_div_sf.o)
                                                  c:/winavr-20100110/bin/../lib/gcc/avr/4.3.3/avr5\libgcc.a(_mul_sf.o)
                                                  c:/winavr-20100110/bin/../lib/gcc/avr/4.3.3/avr5\libgcc.a(_addsub_sf.o)
__prologue_saves__                                c:/winavr-20100110/bin/../lib/gcc/avr/4.3.3/avr5\libgcc.a(_prologue.o)
                                                  c:/winavr-20100110/bin/../lib/gcc/avr/4.3.3/../../../../avr/lib/avr5\libc.a(strtod.o)
                                                  c:/winavr-20100110/bin/../lib/gcc/avr/4.3.3/../../../../avr/lib/avr5\libc.a(dtoa_prf.o)
                                                  c:/winavr-20100110/bin/../lib/gcc/avr/4.3.3/../../../../avr/lib/avr5\libc.a(realloc.o)
                                                  c:/winavr-20100110/bin/../lib/gcc/avr/4.3.3/../../../../avr/lib/avr5\libc.a(random.o)
                                                  c:/winavr-20100110/bin/../lib/gcc/avr/4.3.3/avr5\libgcc.a(_usi_to_sf.o)
                                                  c:/winavr-20100110/bin/../lib/gcc/avr/4.3.3/avr5\libgcc.a(_sf_to_si.o)
                                                  c:/winavr-20100110/bin/../lib/gcc/avr/4.3.3/avr5\libgcc.a(_si_to_sf.o)
                                                  c:/winavr-20100110/bin/../lib/gcc/avr/4.3.3/avr5\libgcc.a(_unord_sf.o)
                                                  c:/winavr-20100110/bin/../lib/gcc/avr/4.3.3/avr5\libgcc.a(_le_sf.o)
                                                  c:/winavr-20100110/bin/../lib/gcc/avr/4.3.3/avr5\libgcc.a(_lt_sf.o)
                                                  c:/winavr-20100110/bin/../lib/gcc/avr/4.3.3/avr5\libgcc.a(_ge_sf.o)
                                                  c:/winavr-20100110/bin/../lib/gcc/avr/4.3.3/avr5\libgcc.a(_gt_sf.o)
                                                  c:/winavr-20100110/bin/../lib/gcc/avr/4.3.3/avr5\libgcc.a(_div_sf.o)
                                                  c:/winavr-20100110/bin/../lib/gcc/avr/4.3.3/avr5\libgcc.a(_mul_sf.o)
                                                  c:/winavr-20100110/bin/../lib/gcc/avr/4.3.3/avr5\libgcc.a(_addsub_sf.o)
__stack                                           c:/winavr-20100110/bin/../lib/gcc/avr/4.3.3/../../../../avr/lib/avr5/crtm328p.o
__subsf3                                          c:/winavr-20100110/bin/../lib/gcc/avr/4.3.3/avr5\libgcc.a(_addsub_sf.o)
                                                  c:/winavr-20100110/bin/../lib/gcc/avr/4.3.3/avr5\libgcc.a(_fixunssfsi.o)
                                                  ./arduino/Print.o
__tablejump2__                                    c:/winavr-20100110/bin/../lib/gcc/avr/4.3.3/avr5\libgcc.a(_tablejump.o)
__tablejump__                                     c:/winavr-20100110/bin/../lib/gcc/avr/4.3.3/avr5\libgcc.a(_tablejump.o)
                                                  c:/winavr-20100110/bin/../lib/gcc/avr/4.3.3/avr5\libgcc.a(_ctors.o)
__thenan_sf                                       c:/winavr-20100110/bin/../lib/gcc/avr/4.3.3/avr5\libgcc.a(_thenan_sf.o)
                                                  c:/winavr-20100110/bin/../lib/gcc/avr/4.3.3/avr5\libgcc.a(_div_sf.o)
                                                  c:/winavr-20100110/bin/../lib/gcc/avr/4.3.3/avr5\libgcc.a(_mul_sf.o)
                                                  c:/winavr-20100110/bin/../lib/gcc/avr/4.3.3/avr5\libgcc.a(_addsub_sf.o)
__udivmodhi4                                      c:/winavr-20100110/bin/../lib/gcc/avr/4.3.3/avr5\libgcc.a(_udivmodhi4.o)
                                                  c:/winavr-20100110/bin/../lib/gcc/avr/4.3.3/../../../../avr/lib/avr5\libc.a(utoa.o)
                                                  c:/winavr-20100110/bin/../lib/gcc/avr/4.3.3/../../../../avr/lib/avr5\libc.a(itoa.o)
                                                  c:/winavr-20100110/bin/../lib/gcc/avr/4.3.3/avr5\libgcc.a(_divmodhi4.o)
__udivmodsi4                                      c:/winavr-20100110/bin/../lib/gcc/avr/4.3.3/avr5\libgcc.a(_udivmodsi4.o)
                                                  c:/winavr-20100110/bin/../lib/gcc/avr/4.3.3/../../../../avr/lib/avr5\libc.a(ultoa.o)
                                                  c:/winavr-20100110/bin/../lib/gcc/avr/4.3.3/../../../../avr/lib/avr5\libc.a(ltoa.o)
                                                  c:/winavr-20100110/bin/../lib/gcc/avr/4.3.3/avr5\libgcc.a(_divmodsi4.o)
                                                  ./arduino/Tone.o
                                                  ./arduino/Print.o
                                                  ./arduino/HardwareSerial.o
__unordsf2                                        c:/winavr-20100110/bin/../lib/gcc/avr/4.3.3/avr5\libgcc.a(_unord_sf.o)
                                                  ./arduino/Print.o
__unpack_f                                        c:/winavr-20100110/bin/../lib/gcc/avr/4.3.3/avr5\libgcc.a(_unpack_sf.o)
                                                  c:/winavr-20100110/bin/../lib/gcc/avr/4.3.3/avr5\libgcc.a(_sf_to_si.o)
                                                  c:/winavr-20100110/bin/../lib/gcc/avr/4.3.3/avr5\libgcc.a(_unord_sf.o)
                                                  c:/winavr-20100110/bin/../lib/gcc/avr/4.3.3/avr5\libgcc.a(_le_sf.o)
                                                  c:/winavr-20100110/bin/../lib/gcc/avr/4.3.3/avr5\libgcc.a(_lt_sf.o)
                                                  c:/winavr-20100110/bin/../lib/gcc/avr/4.3.3/avr5\libgcc.a(_ge_sf.o)
                                                  c:/winavr-20100110/bin/../lib/gcc/avr/4.3.3/avr5\libgcc.a(_gt_sf.o)
                                                  c:/winavr-20100110/bin/../lib/gcc/avr/4.3.3/avr5\libgcc.a(_div_sf.o)
                                                  c:/winavr-20100110/bin/../lib/gcc/avr/4.3.3/avr5\libgcc.a(_mul_sf.o)
                                                  c:/winavr-20100110/bin/../lib/gcc/avr/4.3.3/avr5\libgcc.a(_addsub_sf.o)
__vector_1                                        ./arduino/WInterrupts.o
                                                  c:/winavr-20100110/bin/../lib/gcc/avr/4.3.3/../../../../avr/lib/avr5/crtm328p.o
__vector_10                                       c:/winavr-20100110/bin/../lib/gcc/avr/4.3.3/../../../../avr/lib/avr5/crtm328p.o
__vector_11                                       G:/CG2271/freeRTOS/Release/libfreeRTOS.a(port.o)
                                                  c:/winavr-20100110/bin/../lib/gcc/avr/4.3.3/../../../../avr/lib/avr5/crtm328p.o
__vector_12                                       c:/winavr-20100110/bin/../lib/gcc/avr/4.3.3/../../../../avr/lib/avr5/crtm328p.o
__vector_13                                       c:/winavr-20100110/bin/../lib/gcc/avr/4.3.3/../../../../avr/lib/avr5/crtm328p.o
__vector_14                                       c:/winavr-20100110/bin/../lib/gcc/avr/4.3.3/../../../../avr/lib/avr5/crtm328p.o
__vector_15                                       c:/winavr-20100110/bin/../lib/gcc/avr/4.3.3/../../../../avr/lib/avr5/crtm328p.o
__vector_16                                       ./arduino/wiring.o
                                                  c:/winavr-20100110/bin/../lib/gcc/avr/4.3.3/../../../../avr/lib/avr5/crtm328p.o
__vector_17                                       c:/winavr-20100110/bin/../lib/gcc/avr/4.3.3/../../../../avr/lib/avr5/crtm328p.o
__vector_18                                       ./arduino/HardwareSerial0.o
                                                  c:/winavr-20100110/bin/../lib/gcc/avr/4.3.3/../../../../avr/lib/avr5/crtm328p.o
__vector_19                                       ./arduino/HardwareSerial0.o
                                                  c:/winavr-20100110/bin/../lib/gcc/avr/4.3.3/../../../../avr/lib/avr5/crtm328p.o
__vector_2                                        ./arduino/WInterrupts.o
                                                  c:/winavr-20100110/bin/../lib/gcc/avr/4.3.3/../../../../avr/lib/avr5/crtm328p.o
__vector_20                                       c:/winavr-20100110/bin/../lib/gcc/avr/4.3.3/../../../../avr/lib/avr5/crtm328p.o
__vector_21                                       c:/winavr-20100110/bin/../lib/gcc/avr/4.3.3/../../../../avr/lib/avr5/crtm328p.o
__vector_22                                       c:/winavr-20100110/bin/../lib/gcc/avr/4.3.3/../../../../avr/lib/avr5/crtm328p.o
__vector_23                                       c:/winavr-20100110/bin/../lib/gcc/avr/4.3.3/../../../../avr/lib/avr5/crtm328p.o
__vector_24                                       c:/winavr-20100110/bin/../lib/gcc/avr/4.3.3/../../../../avr/lib/avr5/crtm328p.o
__vector_25                                       c:/winavr-20100110/bin/../lib/gcc/avr/4.3.3/../../../../avr/lib/avr5/crtm328p.o
__vector_3                                        c:/winavr-20100110/bin/../lib/gcc/avr/4.3.3/../../../../avr/lib/avr5/crtm328p.o
__vector_4                                        c:/winavr-20100110/bin/../lib/gcc/avr/4.3.3/../../../../avr/lib/avr5/crtm328p.o
__vector_5                                        c:/winavr-20100110/bin/../lib/gcc/avr/4.3.3/../../../../avr/lib/avr5/crtm328p.o
__vector_6                                        c:/winavr-20100110/bin/../lib/gcc/avr/4.3.3/../../../../avr/lib/avr5/crtm328p.o
__vector_7                                        ./arduino/Tone.o
                                                  c:/winavr-20100110/bin/../lib/gcc/avr/4.3.3/../../../../avr/lib/avr5/crtm328p.o
__vector_8                                        c:/winavr-20100110/bin/../lib/gcc/avr/4.3.3/../../../../avr/lib/avr5/crtm328p.o
__vector_9                                        c:/winavr-20100110/bin/../lib/gcc/avr/4.3.3/../../../../avr/lib/avr5/crtm328p.o
__vector_default                                  c:/winavr-20100110/bin/../lib/gcc/avr/4.3.3/../../../../avr/lib/avr5/crtm328p.o
__vectors                                         c:/winavr-20100110/bin/../lib/gcc/avr/4.3.3/../../../../avr/lib/avr5/crtm328p.o
_div                                              c:/winavr-20100110/bin/../lib/gcc/avr/4.3.3/avr5\libgcc.a(_divmodhi4.o)
_exit                                             c:/winavr-20100110/bin/../lib/gcc/avr/4.3.3/avr5\libgcc.a(_exit.o)
                                                  c:/winavr-20100110/bin/../lib/gcc/avr/4.3.3/../../../../avr/lib/avr5\libc.a(abort.o)
abort                                             c:/winavr-20100110/bin/../lib/gcc/avr/4.3.3/../../../../avr/lib/avr5\libc.a(abort.o)
                                                  ./arduino/abi.o
accelerator()                                     ./test.o
analogRead                                        ./arduino/wiring_analog.o
                                                  ./test.o
analogReference                                   ./arduino/wiring_analog.o
analogWrite                                       ./arduino/wiring_analog.o
analog_reference                                  ./arduino/wiring_analog.o
atexit                                            ./arduino/main.o
atof                                              c:/winavr-20100110/bin/../lib/gcc/avr/4.3.3/../../../../avr/lib/avr5\libc.a(atof.o)
                                                  ./arduino/WString.o
atol                                              c:/winavr-20100110/bin/../lib/gcc/avr/4.3.3/../../../../avr/lib/avr5\libc.a(atol.o)
                                                  ./arduino/WString.o
attachInterrupt                                   ./arduino/WInterrupts.o
                                                  ./test.o
brake()                                           ./test.o
buzzer(void*)                                     ./test.o
countPulseASM                                     ./arduino/wiring_pulse.o
debounceDelay                                     ./test.o
debounceTime                                      ./test.o
delay                                             ./arduino/wiring.o
delayMicroseconds                                 ./arduino/wiring.o
detachInterrupt                                   ./arduino/WInterrupts.o
digitalRead                                       ./arduino/wiring_digital.o
                                                  ./arduino/wiring_shift.o
digitalWrite                                      ./arduino/wiring_digital.o
                                                  ./test.o
                                                  ./arduino/wiring_shift.o
                                                  ./arduino/wiring_analog.o
                                                  ./arduino/Tone.o
digital_pin_to_bit_mask_PGM                       ./arduino/wiring_digital.o
                                                  ./arduino/wiring_pulse.o
                                                  ./arduino/Tone.o
digital_pin_to_port_PGM                           ./arduino/wiring_digital.o
                                                  ./arduino/wiring_pulse.o
                                                  ./arduino/Tone.o
digital_pin_to_timer_PGM                          ./arduino/wiring_digital.o
                                                  ./arduino/wiring_analog.o
disableTimer(unsigned char)                       ./arduino/Tone.o
dtoa_prf                                          c:/winavr-20100110/bin/../lib/gcc/avr/4.3.3/../../../../avr/lib/avr5\libc.a(dtoa_prf.o)
                                                  c:/winavr-20100110/bin/../lib/gcc/avr/4.3.3/../../../../avr/lib/avr5\libc.a(dtostrf.o)
dtostrf                                           c:/winavr-20100110/bin/../lib/gcc/avr/4.3.3/../../../../avr/lib/avr5\libc.a(dtostrf.o)
                                                  ./arduino/WString.o
errno                                             c:/winavr-20100110/bin/../lib/gcc/avr/4.3.3/../../../../avr/lib/avr5\libc.a(errno.o)
                                                  c:/winavr-20100110/bin/../lib/gcc/avr/4.3.3/../../../../avr/lib/avr5\libc.a(strtod.o)
exit                                              c:/winavr-20100110/bin/../lib/gcc/avr/4.3.3/avr5\libgcc.a(_exit.o)
                                                  c:/winavr-20100110/bin/../lib/gcc/avr/4.3.3/../../../../avr/lib/avr5/crtm328p.o
free                                              c:/winavr-20100110/bin/../lib/gcc/avr/4.3.3/../../../../avr/lib/avr5\libc.a(malloc.o)
                                                  c:/winavr-20100110/bin/../lib/gcc/avr/4.3.3/../../../../avr/lib/avr5\libc.a(realloc.o)
                                                  ./arduino/new.o
                                                  ./arduino/WString.o
init                                              ./arduino/wiring.o
                                                  ./arduino/main.o
initVariant                                       ./arduino/main.o
isspace                                           c:/winavr-20100110/bin/../lib/gcc/avr/4.3.3/../../../../avr/lib/avr5\libc.a(isspace.o)
                                                  c:/winavr-20100110/bin/../lib/gcc/avr/4.3.3/../../../../avr/lib/avr5\libc.a(strtod.o)
                                                  ./arduino/WString.o
itoa                                              c:/winavr-20100110/bin/../lib/gcc/avr/4.3.3/../../../../avr/lib/avr5\libc.a(itoa.o)
                                                  ./arduino/WString.o
lastDebounceTime                                  ./test.o
lastDebounceTime2                                 ./test.o
loop                                              ./test.o
                                                  ./arduino/main.o
ltoa                                              c:/winavr-20100110/bin/../lib/gcc/avr/4.3.3/../../../../avr/lib/avr5\libc.a(ltoa.o)
                                                  ./arduino/WString.o
main                                              ./arduino/main.o
                                                  c:/winavr-20100110/bin/../lib/gcc/avr/4.3.3/../../../../avr/lib/avr5/crtm328p.o
makeWord(unsigned char, unsigned char)            ./arduino/WMath.o
makeWord(unsigned int)                            ./arduino/WMath.o
malloc                                            c:/winavr-20100110/bin/../lib/gcc/avr/4.3.3/../../../../avr/lib/avr5\libc.a(malloc.o)
                                                  c:/winavr-20100110/bin/../lib/gcc/avr/4.3.3/../../../../avr/lib/avr5\libc.a(realloc.o)
                                                  ./arduino/new.o
map(long, long, long, long, long)                 ./arduino/WMath.o
memcmp                                            c:/winavr-20100110/bin/../lib/gcc/avr/4.3.3/../../../../avr/lib/avr5\libc.a(memcmp.o)
                                                  ./arduino/IPAddress.o
memcpy                                            c:/winavr-20100110/bin/../lib/gcc/avr/4.3.3/../../../../avr/lib/avr5\libc.a(memcpy.o)
                                                  c:/winavr-20100110/bin/../lib/gcc/avr/4.3.3/../../../../avr/lib/avr5\libc.a(memmove.o)
                                                  c:/winavr-20100110/bin/../lib/gcc/avr/4.3.3/../../../../avr/lib/avr5\libc.a(realloc.o)
                                                  G:/CG2271/freeRTOS/Release/libfreeRTOS.a(queue.o)
                                                  ./arduino/WString.o
memmove                                           c:/winavr-20100110/bin/../lib/gcc/avr/4.3.3/../../../../avr/lib/avr5\libc.a(memmove.o)
                                                  ./arduino/WString.o
micros                                            ./arduino/wiring.o
                                                  ./arduino/wiring_pulse.o
millis                                            ./arduino/wiring.o
                                                  ./test.o
                                                  ./arduino/Stream.o
noTone(unsigned char)                             ./arduino/Tone.o
operator delete(void*)                            ./arduino/new.o
operator delete[](void*)                          ./arduino/new.o
operator new(unsigned int)                        ./arduino/new.o
operator new[](unsigned int)                      ./arduino/new.o
operator+(StringSumHelper const&, String const&)  ./arduino/WString.o
operator+(StringSumHelper const&, __FlashStringHelper const*) ./arduino/WString.o
operator+(StringSumHelper const&, char const*)    ./arduino/WString.o
operator+(StringSumHelper const&, char)           ./arduino/WString.o
operator+(StringSumHelper const&, double)         ./arduino/WString.o
operator+(StringSumHelper const&, float)          ./arduino/WString.o
operator+(StringSumHelper const&, int)            ./arduino/WString.o
operator+(StringSumHelper const&, long)           ./arduino/WString.o
operator+(StringSumHelper const&, unsigned char)  ./arduino/WString.o
operator+(StringSumHelper const&, unsigned int)   ./arduino/WString.o
operator+(StringSumHelper const&, unsigned long)  ./arduino/WString.o
pinMode                                           ./arduino/wiring_digital.o
                                                  ./test.o
                                                  ./arduino/wiring_analog.o
                                                  ./arduino/Tone.o
port_to_input_PGM                                 ./arduino/wiring_digital.o
                                                  ./arduino/wiring_pulse.o
port_to_mode_PGM                                  ./arduino/wiring_digital.o
port_to_output_PGM                                ./arduino/wiring_digital.o
                                                  ./arduino/Tone.o
potentiometer(void*)                              ./test.o
pulseIn                                           ./arduino/wiring_pulse.o
pulseInLong                                       ./arduino/wiring_pulse.o
pvPortMalloc                                      G:/CG2271/freeRTOS/Release/libfreeRTOS.a(heap_2.o)
                                                  G:/CG2271/freeRTOS/Release/libfreeRTOS.a(tasks.o)
                                                  G:/CG2271/freeRTOS/Release/libfreeRTOS.a(queue.o)
pvTaskIncrementMutexHeldCount                     G:/CG2271/freeRTOS/Release/libfreeRTOS.a(tasks.o)
                                                  G:/CG2271/freeRTOS/Release/libfreeRTOS.a(queue.o)
pxCurrentTCB                                      G:/CG2271/freeRTOS/Release/libfreeRTOS.a(tasks.o)
                                                  G:/CG2271/freeRTOS/Release/libfreeRTOS.a(port.o)
pxPortInitialiseStack                             G:/CG2271/freeRTOS/Release/libfreeRTOS.a(port.o)
                                                  G:/CG2271/freeRTOS/Release/libfreeRTOS.a(tasks.o)
random                                            c:/winavr-20100110/bin/../lib/gcc/avr/4.3.3/../../../../avr/lib/avr5\libc.a(random.o)
                                                  ./arduino/WMath.o
random(long)                                      ./arduino/WMath.o
random(long, long)                                ./arduino/WMath.o
randomSeed(unsigned long)                         ./arduino/WMath.o
random_r                                          c:/winavr-20100110/bin/../lib/gcc/avr/4.3.3/../../../../avr/lib/avr5\libc.a(random.o)
realloc                                           c:/winavr-20100110/bin/../lib/gcc/avr/4.3.3/../../../../avr/lib/avr5\libc.a(realloc.o)
                                                  ./arduino/WString.o
serialEvent()                                     ./arduino/HardwareSerial.o
serialEventRun()                                  ./arduino/HardwareSerial.o
                                                  ./arduino/main.o
setLed(int)                                       ./test.o
setup                                             ./test.o
                                                  ./arduino/main.o
setupUSB()                                        ./arduino/main.o
shiftIn                                           ./arduino/wiring_shift.o
shiftOut                                          ./arduino/wiring_shift.o
speed_controller(void*)                           ./test.o
srandom                                           c:/winavr-20100110/bin/../lib/gcc/avr/4.3.3/../../../../avr/lib/avr5\libc.a(random.o)
                                                  ./arduino/WMath.o
strchr                                            c:/winavr-20100110/bin/../lib/gcc/avr/4.3.3/../../../../avr/lib/avr5\libc.a(strchr.o)
                                                  ./arduino/WString.o
strcmp                                            c:/winavr-20100110/bin/../lib/gcc/avr/4.3.3/../../../../avr/lib/avr5\libc.a(strcmp.o)
                                                  ./arduino/WString.o